******************************************************************************
               TMS320C6x Linker PC v7.4.6                      
******************************************************************************
>> Linked Sat Mar 22 19:24:51 2014

OUTPUT FILE NAME:   <PDSP_Laboratorium1.out>
ENTRY POINT SYMBOL: "_c_int00"  address: 00009a00


MEMORY CONFIGURATION

         name            origin    length      used     unused   attr    fill
----------------------  --------  ---------  --------  --------  ----  --------
  IVECS                 00000000   00000220  00000200  00000020  RWIX
  IRAM                  00000220   0002fde0  0000b298  00024b48  RWIX
  SDRAM                 80000000   00100000  00000000  00100000  RWIX


SECTION ALLOCATION MAP

 output                                  attributes/
section   page    origin      length       input sections
--------  ----  ----------  ----------   ----------------
.vectors   0    00000000    00000200     
                  00000000    00000200     Vectors_poll.obj (.vectors)

.text      0    00000220    00009da0     
                  00000220    00000720     rts6700.lib : divd.obj (.text:__divd)
                  00000940    000006c0                 : _printfi.obj (.text:__getarg_diouxp)
                  00001000    000006a0     C6713dskinit.obj (.text)
                  000016a0    00000640     rts6700.lib : _printfi.obj (.text:__setfield)
                  00001ce0    00000560                 : _printfi.obj (.text:__printfi)
                  00002240    000004c0                 : fputs.obj (.text:_fputs)
                  00002700    00000480     dsk6713bsl.lib : dsk6713.obj (.text)
                  00002b80    00000420     rts6700.lib : _printfi.obj (.text:_fcvt)
                  00002fa0    00000400                 : _printfi.obj (.text:__pproc_fge)
                  000033a0    00000400                 : _printfi.obj (.text:_ecvt)
                  000037a0    00000380                 : imath64.obj (.text:__divull)
                  00003b20    00000380                 : memory.obj (.text:_free)
                  00003ea0    00000360                 : _printfi.obj (.text:__pconv_e)
                  00004200    00000360                 : _printfi.obj (.text:__pproc_fwp)
                  00004560    00000320     dsk6713bsl.lib : dsk6713_aic23_opencodec.obj (.text)
                  00004880    00000300     rts6700.lib : _printfi.obj (.text:__pproc_diouxp)
                  00004b80    000002c0                 : _printfi.obj (.text:__pconv_g)
                  00004e40    000002c0                 : _printfi.obj (.text:__pproc_str)
                  00005100    000002a0                 : fputc.obj (.text:_fputc)
                  000053a0    000002a0                 : setvbuf.obj (.text:_setvbuf)
                  00005640    00000260                 : imath40.obj (.text:__divul)
                  000058a0    00000240                 : _printfi.obj (.text:__mcpy)
                  00005ae0    00000240                 : memory.obj (.text:_malloc)
                  00005d20    00000240                 : memcpy62.obj (.text:_memcpy)
                  00005f60    00000220                 : trgdrv.obj (.text:_HOSTrename)
                  00006180    000001e0                 : lowlev.obj (.text:_getdevice)
                  00006360    000001c0     csl6713.lib : csl_irq.obj (.text:_IRQ_map)
                  00006520    000001c0     rts6700.lib : fseek.obj (.text:_fseek)
                  000066e0    000001a0     csl6713.lib : csl_mcbsp.obj (.text:_MCBSP_reset)
                  00006880    000001a0     rts6700.lib : _printfi.obj (.text:__ltostr)
                  00006a20    000001a0                 : _printfi.obj (.text:__pproc_fflags)
                  00006bc0    000001a0     dsk6713bsl.lib : dsk6713_led.obj (.text)
                  00006d60    00000160     rts6700.lib : trgdrv.obj (.text:_HOSTlseek)
                  00006ec0    00000160                 : fclose.obj (.text:__closefile)
                  00007020    00000160     dsk6713bsl.lib : dsk6713_aic23_registers.obj (.text)
                  00007180    00000140     PDSP_lab1.obj (.text)
                  000072c0    00000140     rts6700.lib : trgdrv.obj (.text:_HOSTread)
                  00007400    00000140                 : frcmpyd_div.obj (.text:__frcmpyd_div)
                  00007540    00000140                 : atoi.obj (.text:_atoi)
                  00007680    00000140     PDSP_lab1.obj (.text:retain)
                  000077c0    00000120     rts6700.lib : trgdrv.obj (.text:_HOSTopen)
                  000078e0    00000120                 : trgdrv.obj (.text:_HOSTwrite)
                  00007a00    00000120                 : _io_perm.obj (.text:__wrt_ok)
                  00007b20    00000120                 : lowlev.obj (.text:_close)
                  00007c40    00000120                 : ltoa.obj (.text:_ltoa)
                  00007d60    00000120                 : memset.obj (.text:_memset)
                  00007e80    00000100                 : trgdrv.obj (.text:_HOSTclose)
                  00007f80    00000100                 : trgdrv.obj (.text:_HOSTunlink)
                  00008080    00000100     csl6713.lib : csl_mcbsp.obj (.text:_MCBSP_open)
                  00008180    00000100                 : csl_mcbsp.obj (.text:_MCBSP_start)
                  00008280    00000100     rts6700.lib : autoinit.obj (.text:__auto_init)
                  00008380    00000100                 : _printfi.obj (.text:__div)
                  00008480    00000100                 : imath40.obj (.text:__divli)
                  00008580    00000100                 : _printfi.obj (.text:__pconv_f)
                  00008680    00000100                 : lowlev.obj (.text:_lseek)
                  00008780    00000100                 : printf.obj (.text:_printf)
                  00008880    00000100                 : lowlev.obj (.text:_write)
                  00008980    000000e0                 : fopen.obj (.text:__cleanup)
                  00008a60    000000e0                 : fflush.obj (.text:__doflush)
                  00008b40    000000e0                 : _printfi.obj (.text:__ecpy)
                  00008c20    000000e0                 : _printfi.obj (.text:__fcpy)
                  00008d00    000000e0                 : strasg.obj (.text:__strasg)
                  00008de0    000000e0                 : exit.obj (.text:_exit)
                  00008ec0    000000e0                 : memory.obj (.text:_minsert)
                  00008fa0    000000e0                 : memory.obj (.text:_mremove)
                  00009080    000000c0                 : divu.obj (.text:__divu)
                  00009140    000000c0                 : cpy_tbl.obj (.text:_copy_in)
                  00009200    000000c0                 : lowlev.obj (.text:_finddevice)
                  000092c0    000000c0     dsk6713bsl.lib : dsk6713_aic23_setfreq.obj (.text)
                  00009380    000000a0     csl6713.lib : csl_mcbsp.obj (.text:_MCBSP_config)
                  00009420    000000a0     rts6700.lib : fixdli.obj (.text:__fixdli)
                  000094c0    000000a0                 : mpyll.obj (.text:__mpyll)
                  00009560    000000a0                 : imath40.obj (.text:__remli)
                  00009600    000000a0                 : trgmsg.obj (.text:_readmsg)
                  000096a0    000000a0     csl6713.lib : csl_irq.obj (.text:_setMux)
                  00009740    000000a0     rts6700.lib : lowlev.obj (.text:_unlink)
                  000097e0    000000a0                 : trgmsg.obj (.text:_writemsg)
                  00009880    00000080                 : cpp_init.obj (.text:___TI_cpp_init)
                  00009900    00000080                 : fltlid.obj (.text:__fltlid)
                  00009980    00000080                 : llshift.obj (.text:__llshl)
                  00009a00    00000080                 : boot.obj (.text:_c_int00)
                  00009a80    00000080                 : memccpy.obj (.text:_memccpy)
                  00009b00    00000080     dsk6713bsl.lib : dsk6713_dip.obj (.text)
                  00009b80    00000060     rts6700.lib : isinf.obj (.text:___isinf)
                  00009be0    00000060                 : llshift.obj (.text:__llshru)
                  00009c40    00000060                 : imath64.obj (.text:__subcull)
                  00009ca0    00000040     csl6713.lib : csl_irq.obj (.text:_IRQ_enable)
                  00009ce0    00000040                 : csl_irq.obj (.text:_IRQ_reset)
                  00009d20    00000040     rts6700.lib : _printfi.obj (.text:___isnan)
                  00009d60    00000040                 : args_main.obj (.text:__args_main)
                  00009da0    00000020     Vectors_poll.obj (.text)
                  00009dc0    00000020     csl6713.lib : csl_irq.obj (.text:_IRQ_globalDisable)
                  00009de0    00000020                 : csl_irq.obj (.text:_IRQ_globalEnable)
                  00009e00    00000020                 : csl_irq.obj (.text:_IRQ_nmiEnable)
                  00009e20    00000020                 : csl_irq.obj (.text:_IRQ_setVecs)
                  00009e40    00000020                 : csl_mcbsp.obj (.text:_MCBSP_getXmtEventId)
                  00009e60    00000020                 : csl_mcbsp.obj (.text:_MCBSP_read)
                  00009e80    00000020                 : csl_mcbsp.obj (.text:_MCBSP_rrdy)
                  00009ea0    00000020                 : csl_mcbsp.obj (.text:_MCBSP_write)
                  00009ec0    00000020                 : csl_mcbsp.obj (.text:_MCBSP_xrdy)
                  00009ee0    00000020     rts6700.lib : negll.obj (.text:__negll)
                  00009f00    00000020                 : _lock.obj (.text:__nop)
                  00009f20    00000020                 : printf.obj (.text:__outc)
                  00009f40    00000020                 : printf.obj (.text:__outs)
                  00009f60    00000020                 : exit.obj (.text:_abort)
                  00009f80    00000020                 : remove.obj (.text:_remove)
                  00009fa0    00000020     csl6713.lib : csl_irq.obj (.text)

.far       0    00009fc0    00000648     UNINITIALIZED
                  00009fc0    00000324     rts6700.lib : defs.obj (.far)
                  0000a2e4    0000011c                 : lowlev.obj (.far)
                  0000a400    000000f4     csl6713.lib : csl_irq.obj (.far)
                  0000a4f4    0000004c     C6713dskinit.obj (.far)
                  0000a540    00000038     csl6713.lib : csl_mcbsp.obj (.far)
                  0000a578    00000028     dsk6713bsl.lib : dsk6713_aic23_registers.obj (.far)
                  0000a5a0    00000020                    : dsk6713_aic23_setfreq.obj (.far)
                  0000a5c0    00000014     PDSP_lab1.obj (.far)
                  0000a5d4    0000000c     rts6700.lib : exit.obj (.far)
                  0000a5e0    00000008     dsk6713bsl.lib : dsk6713_aic23_opencodec.obj (.far)
                  0000a5e8    00000008     rts6700.lib : _lock.obj (.far)
                  0000a5f0    00000008                 : memory.obj (.far)
                  0000a5f8    00000008                 : trgdrv.obj (.far)
                  0000a600    00000004                 : fopen.obj (.far)
                  0000a604    00000002     dsk6713bsl.lib : dsk6713.obj (.far)
                  0000a606    00000002                    : dsk6713_led.obj (.far)

.stack     0    0000a608    00000400     UNINITIALIZED
                  0000a608    00000008     rts6700.lib : boot.obj (.stack)
                  0000a610    000003f8     --HOLE--

.sysmem    0    0000aa08    00000400     UNINITIALIZED
                  0000aa08    00000008     rts6700.lib : memory.obj (.sysmem)
                  0000aa10    000003f8     --HOLE--

.cinit     0    0000ae08    000003d4     
                  0000ae08    0000012c     csl6713.lib : csl_irq.obj (.cinit)
                  0000af34    00000004     --HOLE-- [fill = 0]
                  0000af38    0000005c     rts6700.lib : defs.obj (.cinit)
                  0000af94    00000004     --HOLE-- [fill = 0]
                  0000af98    0000005c                 : lowlev.obj (.cinit)
                  0000aff4    00000004     --HOLE-- [fill = 0]
                  0000aff8    00000058     C6713dskinit.obj (.cinit)
                  0000b050    00000054     csl6713.lib : csl_mcbsp.obj (.cinit)
                  0000b0a4    00000004     --HOLE-- [fill = 0]
                  0000b0a8    00000048     PDSP_lab1.obj (.cinit)
                  0000b0f0    00000030     dsk6713bsl.lib : dsk6713_aic23_registers.obj (.cinit)
                  0000b120    0000002c     rts6700.lib : exit.obj (.cinit)
                  0000b14c    00000004     --HOLE-- [fill = 0]
                  0000b150    0000002c                 : memory.obj (.cinit)
                  0000b17c    00000004     --HOLE-- [fill = 0]
                  0000b180    00000028     dsk6713bsl.lib : dsk6713_aic23_setfreq.obj (.cinit)
                  0000b1a8    0000001c     rts6700.lib : _lock.obj (.cinit)
                  0000b1c4    00000004     --HOLE-- [fill = 0]
                  0000b1c8    0000000c                 : fopen.obj (.cinit)
                  0000b1d4    00000004     --HOLE-- [fill = 0]
                  0000b1d8    00000004     (.pad.cinit) [fill = 0]

.const     0    0000b1dc    000001a8     
                  0000b1dc    00000101     rts6700.lib : ctype.obj (.const:.string:__ctypes_)
                  0000b2dd    00000002                 : fputs.obj (.const:.string)
                  0000b2df    00000001     --HOLE-- [fill = 0]
                  0000b2e0    00000040     dsk6713bsl.lib : dsk6713_aic23_opencodec.obj (.const)
                  0000b320    00000023     rts6700.lib : _printfi.obj (.const:.string)
                  0000b343    00000001     --HOLE-- [fill = 0]
                  0000b344    00000020     PDSP_lab1.obj (.const:.string)
                  0000b364    00000020     dsk6713bsl.lib : dsk6713.obj (.const)

.cio       0    0000b384    00000120     UNINITIALIZED
                  0000b384    00000120     rts6700.lib : trgmsg.obj (.cio)

.bss       0    0000b4a4    00000014     UNINITIALIZED
                  0000b4a4    0000000c     C6713dskinit.obj (.bss)
                  0000b4b0    00000008     PDSP_lab1.obj (.bss)


GLOBAL SYMBOLS: SORTED ALPHABETICALLY BY Name 

address    name
--------   ----
0000b4a4   $bss
0000b4a4   .bss
00000220   .text
00009f60   C$$EXIT
00009858   C$$IO$$
0000a4f8   _AIC23CfgData
0000a5d0   _AIC23_data
0000a4f4   _AIC_data
0000a5e0   _DSK6713_AIC23_codeccontrolhandle
0000a5e4   _DSK6713_AIC23_codecdatahandle
000070e0   _DSK6713_AIC23_config
00004560   _DSK6713_AIC23_openCodec
000070bc   _DSK6713_AIC23_rget
00007020   _DSK6713_AIC23_rset
000092c0   _DSK6713_AIC23_setFreq
00009b08   _DSK6713_DIP_get
00009b00   _DSK6713_DIP_init
00006bc0   _DSK6713_LED_init
00006be8   _DSK6713_LED_off
00006c44   _DSK6713_LED_on
00006ca0   _DSK6713_LED_toggle
00002b14   _DSK6713_getVersion
0000274c   _DSK6713_init
00002a68   _DSK6713_rget
00002a7c   _DSK6713_rset
0000a604   _DSK6713_version
00002a90   _DSK6713_wait
00002ae8   _DSK6713_waitusec
00007e80   _HOSTclose
00006d60   _HOSTlseek
000077c0   _HOSTopen
000072c0   _HOSTread
00005f60   _HOSTrename
00007f80   _HOSTunlink
000078e0   _HOSTwrite
00009ca0   _IRQ_enable
00009dc0   _IRQ_globalDisable
00009de0   _IRQ_globalEnable
00006360   _IRQ_map
00009e00   _IRQ_nmiEnable
00009ce0   _IRQ_reset
00009e20   _IRQ_setVecs
00009380   _MCBSP_config
00009e40   _MCBSP_getXmtEventId
00008080   _MCBSP_open
00009e60   _MCBSP_read
000066e0   _MCBSP_reset
00009e80   _MCBSP_rrdy
00008180   _MCBSP_start
00009ea0   _MCBSP_write
00009ec0   _MCBSP_xrdy
0000b384   __CIOBUF_
0000a4ec   __IRQ_dispatchTable
0000a428   __IRQ_eventTable
00009fa0   __IRQ_hookFetchPacket
0000a4ac   __IRQ_intTable
0000a570   __MCBSP_hDev0
0000a574   __MCBSP_hDev1
0000aa08   __STACK_END
00000400   __STACK_SIZE
00000400   __SYSMEM_SIZE
00000001   __TI_args_main
00009880   ___TI_cpp_init
0000a5dc   ___TI_enable_exit_profile_output
ffffffff   ___TI_pprof_out_hndl
ffffffff   ___TI_prof_data_size
ffffffff   ___TI_prof_data_start
ffffffff   ___binit__
0000b4a4   ___bss__
ffffffff   ___c_args__
0000ae08   ___cinit__
0000b4b8   ___end__
00009fc0   ___etext__
00009b80   ___isinf
ffffffff   ___pinit__
00000220   ___text__
00009d60   __args_main
00008280   __auto_init
00009080   __c6xabi_divu
00008980   __cleanup
0000a5d4   __cleanup_ptr
00006ec0   __closefile
0000b1dc   __ctypes_
00000220   __divd
00008480   __divli
00009080   __divu
00005640   __divul
000037a0   __divull
00008a60   __doflush
0000a5d8   __dtors_ptr
00009420   __fixdli
00009900   __fltlid
00007400   __frcmpyd_div
0000a2e0   __ft_end
00009fc0   __ftable
00009980   __llshl
00009be0   __llshru
0000a5e8   __lock
000094c0   __mpyll
00009ee0   __negll
00009f00   __nop
00001ce0   __printfi
00009560   __remli
0000a608   __stack
00008d00   __strasg
00009c40   __subcull
0000aa08   __sys_memory
0000a1a0   __tmpnams
0000a5ec   __unlock
00007a00   __wrt_ok
00009f60   _abort
00007540   _atoi
00001000   _c6713_dsk_init
00009a00   _c_int00
00007680   _c_int11
00007b20   _close
000010c4   _comm_intr
00001098   _comm_poll
0000a518   _config
00009140   _copy_in
00008de0   _exit
00005100   _fputc
00002240   _fputs
00003b20   _free
0000b4b0   _fs
00006520   _fseek
0000b4b6   _gain
0000b4ac   _hAIC23_handle
00001544   _input_left_sample
000015ec   _input_right_sample
00001458   _input_sample
0000b4b4   _loop
00008680   _lseek
00007c40   _ltoa
00007180   _main
00005ae0   _malloc
00009a80   _memccpy
00005d20   _memcpy
00007d60   _memset
000012d8   _output_left_sample
00001398   _output_right_sample
000011e4   _output_sample
00008780   _printf
00005100   _putc
00009600   _readmsg
00009f80   _remove
000053a0   _setvbuf
0000a5c0   _sine_table
00009740   _unlink
00000020   _vector1
00000140   _vector10
00000180   _vector12
000001a0   _vector13
000001c0   _vector14
000001e0   _vector15
00000040   _vector2
00000060   _vector3
00000080   _vector4
000000a0   _vector5
000000c0   _vector6
000000e0   _vector7
00000100   _vector8
00000120   _vector9
00000000   _vectors
00008880   _write
000097e0   _writemsg
ffffffff   binit
0000ae08   cinit
0000b4b8   end
00009fc0   etext
ffffffff   pinit


GLOBAL SYMBOLS: SORTED BY Symbol Address 

address    name
--------   ----
00000000   _vectors
00000001   __TI_args_main
00000020   _vector1
00000040   _vector2
00000060   _vector3
00000080   _vector4
000000a0   _vector5
000000c0   _vector6
000000e0   _vector7
00000100   _vector8
00000120   _vector9
00000140   _vector10
00000180   _vector12
000001a0   _vector13
000001c0   _vector14
000001e0   _vector15
00000220   .text
00000220   ___text__
00000220   __divd
00000400   __STACK_SIZE
00000400   __SYSMEM_SIZE
00001000   _c6713_dsk_init
00001098   _comm_poll
000010c4   _comm_intr
000011e4   _output_sample
000012d8   _output_left_sample
00001398   _output_right_sample
00001458   _input_sample
00001544   _input_left_sample
000015ec   _input_right_sample
00001ce0   __printfi
00002240   _fputs
0000274c   _DSK6713_init
00002a68   _DSK6713_rget
00002a7c   _DSK6713_rset
00002a90   _DSK6713_wait
00002ae8   _DSK6713_waitusec
00002b14   _DSK6713_getVersion
000037a0   __divull
00003b20   _free
00004560   _DSK6713_AIC23_openCodec
00005100   _fputc
00005100   _putc
000053a0   _setvbuf
00005640   __divul
00005ae0   _malloc
00005d20   _memcpy
00005f60   _HOSTrename
00006360   _IRQ_map
00006520   _fseek
000066e0   _MCBSP_reset
00006bc0   _DSK6713_LED_init
00006be8   _DSK6713_LED_off
00006c44   _DSK6713_LED_on
00006ca0   _DSK6713_LED_toggle
00006d60   _HOSTlseek
00006ec0   __closefile
00007020   _DSK6713_AIC23_rset
000070bc   _DSK6713_AIC23_rget
000070e0   _DSK6713_AIC23_config
00007180   _main
000072c0   _HOSTread
00007400   __frcmpyd_div
00007540   _atoi
00007680   _c_int11
000077c0   _HOSTopen
000078e0   _HOSTwrite
00007a00   __wrt_ok
00007b20   _close
00007c40   _ltoa
00007d60   _memset
00007e80   _HOSTclose
00007f80   _HOSTunlink
00008080   _MCBSP_open
00008180   _MCBSP_start
00008280   __auto_init
00008480   __divli
00008680   _lseek
00008780   _printf
00008880   _write
00008980   __cleanup
00008a60   __doflush
00008d00   __strasg
00008de0   _exit
00009080   __c6xabi_divu
00009080   __divu
00009140   _copy_in
000092c0   _DSK6713_AIC23_setFreq
00009380   _MCBSP_config
00009420   __fixdli
000094c0   __mpyll
00009560   __remli
00009600   _readmsg
00009740   _unlink
000097e0   _writemsg
00009858   C$$IO$$
00009880   ___TI_cpp_init
00009900   __fltlid
00009980   __llshl
00009a00   _c_int00
00009a80   _memccpy
00009b00   _DSK6713_DIP_init
00009b08   _DSK6713_DIP_get
00009b80   ___isinf
00009be0   __llshru
00009c40   __subcull
00009ca0   _IRQ_enable
00009ce0   _IRQ_reset
00009d60   __args_main
00009dc0   _IRQ_globalDisable
00009de0   _IRQ_globalEnable
00009e00   _IRQ_nmiEnable
00009e20   _IRQ_setVecs
00009e40   _MCBSP_getXmtEventId
00009e60   _MCBSP_read
00009e80   _MCBSP_rrdy
00009ea0   _MCBSP_write
00009ec0   _MCBSP_xrdy
00009ee0   __negll
00009f00   __nop
00009f60   C$$EXIT
00009f60   _abort
00009f80   _remove
00009fa0   __IRQ_hookFetchPacket
00009fc0   ___etext__
00009fc0   __ftable
00009fc0   etext
0000a1a0   __tmpnams
0000a2e0   __ft_end
0000a428   __IRQ_eventTable
0000a4ac   __IRQ_intTable
0000a4ec   __IRQ_dispatchTable
0000a4f4   _AIC_data
0000a4f8   _AIC23CfgData
0000a518   _config
0000a570   __MCBSP_hDev0
0000a574   __MCBSP_hDev1
0000a5c0   _sine_table
0000a5d0   _AIC23_data
0000a5d4   __cleanup_ptr
0000a5d8   __dtors_ptr
0000a5dc   ___TI_enable_exit_profile_output
0000a5e0   _DSK6713_AIC23_codeccontrolhandle
0000a5e4   _DSK6713_AIC23_codecdatahandle
0000a5e8   __lock
0000a5ec   __unlock
0000a604   _DSK6713_version
0000a608   __stack
0000aa08   __STACK_END
0000aa08   __sys_memory
0000ae08   ___cinit__
0000ae08   cinit
0000b1dc   __ctypes_
0000b384   __CIOBUF_
0000b4a4   $bss
0000b4a4   .bss
0000b4a4   ___bss__
0000b4ac   _hAIC23_handle
0000b4b0   _fs
0000b4b4   _loop
0000b4b6   _gain
0000b4b8   ___end__
0000b4b8   end
ffffffff   ___TI_pprof_out_hndl
ffffffff   ___TI_prof_data_size
ffffffff   ___TI_prof_data_start
ffffffff   ___binit__
ffffffff   ___c_args__
ffffffff   ___pinit__
ffffffff   binit
ffffffff   pinit

[171 symbols]
