<?xml version="1.0"?>
<link_info>
   <banner>TMS320C6x Linker PC v7.4.6</banner>
   <copyright>Copyright (c) 1996-2013 Texas Instruments Incorporated</copyright>
   <link_time>0x532dd573</link_time>
   <output_file>PDSP_Laboratorium1.out</output_file>
   <entry_point>
      <name>_c_int00</name>
      <address>0x9a00</address>
   </entry_point>
   <input_file_list>
      <input_file id="fl-2">
         <path>.\</path>
         <kind>object</kind>
         <file>Vectors_poll.obj</file>
         <name>Vectors_poll.obj</name>
      </input_file>
      <input_file id="fl-3">
         <path>.\</path>
         <kind>object</kind>
         <file>PDSP_lab1.obj</file>
         <name>PDSP_lab1.obj</name>
      </input_file>
      <input_file id="fl-4">
         <path>.\</path>
         <kind>object</kind>
         <file>C6713dskinit.obj</file>
         <name>C6713dskinit.obj</name>
      </input_file>
      <input_file id="fl-a">
         <path>..\dsk6713\lib\</path>
         <kind>archive</kind>
         <file>dsk6713bsl.lib</file>
         <name>dsk6713.obj</name>
      </input_file>
      <input_file id="fl-b">
         <path>..\dsk6713\lib\</path>
         <kind>archive</kind>
         <file>dsk6713bsl.lib</file>
         <name>dsk6713_aic23_opencodec.obj</name>
      </input_file>
      <input_file id="fl-c">
         <path>..\dsk6713\lib\</path>
         <kind>archive</kind>
         <file>dsk6713bsl.lib</file>
         <name>dsk6713_aic23_registers.obj</name>
      </input_file>
      <input_file id="fl-d">
         <path>..\dsk6713\lib\</path>
         <kind>archive</kind>
         <file>dsk6713bsl.lib</file>
         <name>dsk6713_aic23_setfreq.obj</name>
      </input_file>
      <input_file id="fl-e">
         <path>..\dsk6713\lib\</path>
         <kind>archive</kind>
         <file>dsk6713bsl.lib</file>
         <name>dsk6713_dip.obj</name>
      </input_file>
      <input_file id="fl-f">
         <path>..\dsk6713\lib\</path>
         <kind>archive</kind>
         <file>dsk6713bsl.lib</file>
         <name>dsk6713_led.obj</name>
      </input_file>
      <input_file id="fl-10">
         <path>..\CSL\lib\</path>
         <kind>archive</kind>
         <file>csl6713.lib</file>
         <name>csl_irq.obj</name>
      </input_file>
      <input_file id="fl-11">
         <path>..\CSL\lib\</path>
         <kind>archive</kind>
         <file>csl6713.lib</file>
         <name>csl_mcbsp.obj</name>
      </input_file>
      <input_file id="fl-89">
         <path>C:\ti\ccsv5\tools\compiler\c6000_7.4.6\lib\</path>
         <kind>archive</kind>
         <file>rts6700.lib</file>
         <name>boot.obj</name>
      </input_file>
      <input_file id="fl-8a">
         <path>C:\ti\ccsv5\tools\compiler\c6000_7.4.6\lib\</path>
         <kind>archive</kind>
         <file>rts6700.lib</file>
         <name>exit.obj</name>
      </input_file>
      <input_file id="fl-8b">
         <path>C:\ti\ccsv5\tools\compiler\c6000_7.4.6\lib\</path>
         <kind>archive</kind>
         <file>rts6700.lib</file>
         <name>printf.obj</name>
      </input_file>
      <input_file id="fl-8c">
         <path>C:\ti\ccsv5\tools\compiler\c6000_7.4.6\lib\</path>
         <kind>archive</kind>
         <file>rts6700.lib</file>
         <name>strasg.obj</name>
      </input_file>
      <input_file id="fl-8d">
         <path>C:\ti\ccsv5\tools\compiler\c6000_7.4.6\lib\</path>
         <kind>archive</kind>
         <file>rts6700.lib</file>
         <name>_lock.obj</name>
      </input_file>
      <input_file id="fl-8e">
         <path>C:\ti\ccsv5\tools\compiler\c6000_7.4.6\lib\</path>
         <kind>archive</kind>
         <file>rts6700.lib</file>
         <name>_printfi.obj</name>
      </input_file>
      <input_file id="fl-8f">
         <path>C:\ti\ccsv5\tools\compiler\c6000_7.4.6\lib\</path>
         <kind>archive</kind>
         <file>rts6700.lib</file>
         <name>args_main.obj</name>
      </input_file>
      <input_file id="fl-90">
         <path>C:\ti\ccsv5\tools\compiler\c6000_7.4.6\lib\</path>
         <kind>archive</kind>
         <file>rts6700.lib</file>
         <name>atoi.obj</name>
      </input_file>
      <input_file id="fl-91">
         <path>C:\ti\ccsv5\tools\compiler\c6000_7.4.6\lib\</path>
         <kind>archive</kind>
         <file>rts6700.lib</file>
         <name>autoinit.obj</name>
      </input_file>
      <input_file id="fl-92">
         <path>C:\ti\ccsv5\tools\compiler\c6000_7.4.6\lib\</path>
         <kind>archive</kind>
         <file>rts6700.lib</file>
         <name>cpp_init.obj</name>
      </input_file>
      <input_file id="fl-93">
         <path>C:\ti\ccsv5\tools\compiler\c6000_7.4.6\lib\</path>
         <kind>archive</kind>
         <file>rts6700.lib</file>
         <name>cpy_tbl.obj</name>
      </input_file>
      <input_file id="fl-94">
         <path>C:\ti\ccsv5\tools\compiler\c6000_7.4.6\lib\</path>
         <kind>archive</kind>
         <file>rts6700.lib</file>
         <name>ctype.obj</name>
      </input_file>
      <input_file id="fl-95">
         <path>C:\ti\ccsv5\tools\compiler\c6000_7.4.6\lib\</path>
         <kind>archive</kind>
         <file>rts6700.lib</file>
         <name>defs.obj</name>
      </input_file>
      <input_file id="fl-96">
         <path>C:\ti\ccsv5\tools\compiler\c6000_7.4.6\lib\</path>
         <kind>archive</kind>
         <file>rts6700.lib</file>
         <name>divd.obj</name>
      </input_file>
      <input_file id="fl-97">
         <path>C:\ti\ccsv5\tools\compiler\c6000_7.4.6\lib\</path>
         <kind>archive</kind>
         <file>rts6700.lib</file>
         <name>divu.obj</name>
      </input_file>
      <input_file id="fl-98">
         <path>C:\ti\ccsv5\tools\compiler\c6000_7.4.6\lib\</path>
         <kind>archive</kind>
         <file>rts6700.lib</file>
         <name>fixdli.obj</name>
      </input_file>
      <input_file id="fl-99">
         <path>C:\ti\ccsv5\tools\compiler\c6000_7.4.6\lib\</path>
         <kind>archive</kind>
         <file>rts6700.lib</file>
         <name>fltlid.obj</name>
      </input_file>
      <input_file id="fl-9a">
         <path>C:\ti\ccsv5\tools\compiler\c6000_7.4.6\lib\</path>
         <kind>archive</kind>
         <file>rts6700.lib</file>
         <name>fputc.obj</name>
      </input_file>
      <input_file id="fl-9b">
         <path>C:\ti\ccsv5\tools\compiler\c6000_7.4.6\lib\</path>
         <kind>archive</kind>
         <file>rts6700.lib</file>
         <name>fputs.obj</name>
      </input_file>
      <input_file id="fl-9c">
         <path>C:\ti\ccsv5\tools\compiler\c6000_7.4.6\lib\</path>
         <kind>archive</kind>
         <file>rts6700.lib</file>
         <name>frcmpyd_div.obj</name>
      </input_file>
      <input_file id="fl-9d">
         <path>C:\ti\ccsv5\tools\compiler\c6000_7.4.6\lib\</path>
         <kind>archive</kind>
         <file>rts6700.lib</file>
         <name>imath40.obj</name>
      </input_file>
      <input_file id="fl-9e">
         <path>C:\ti\ccsv5\tools\compiler\c6000_7.4.6\lib\</path>
         <kind>archive</kind>
         <file>rts6700.lib</file>
         <name>imath64.obj</name>
      </input_file>
      <input_file id="fl-9f">
         <path>C:\ti\ccsv5\tools\compiler\c6000_7.4.6\lib\</path>
         <kind>archive</kind>
         <file>rts6700.lib</file>
         <name>isinf.obj</name>
      </input_file>
      <input_file id="fl-a0">
         <path>C:\ti\ccsv5\tools\compiler\c6000_7.4.6\lib\</path>
         <kind>archive</kind>
         <file>rts6700.lib</file>
         <name>llshift.obj</name>
      </input_file>
      <input_file id="fl-a1">
         <path>C:\ti\ccsv5\tools\compiler\c6000_7.4.6\lib\</path>
         <kind>archive</kind>
         <file>rts6700.lib</file>
         <name>lowlev.obj</name>
      </input_file>
      <input_file id="fl-a2">
         <path>C:\ti\ccsv5\tools\compiler\c6000_7.4.6\lib\</path>
         <kind>archive</kind>
         <file>rts6700.lib</file>
         <name>ltoa.obj</name>
      </input_file>
      <input_file id="fl-a3">
         <path>C:\ti\ccsv5\tools\compiler\c6000_7.4.6\lib\</path>
         <kind>archive</kind>
         <file>rts6700.lib</file>
         <name>memccpy.obj</name>
      </input_file>
      <input_file id="fl-a4">
         <path>C:\ti\ccsv5\tools\compiler\c6000_7.4.6\lib\</path>
         <kind>archive</kind>
         <file>rts6700.lib</file>
         <name>memcpy62.obj</name>
      </input_file>
      <input_file id="fl-a5">
         <path>C:\ti\ccsv5\tools\compiler\c6000_7.4.6\lib\</path>
         <kind>archive</kind>
         <file>rts6700.lib</file>
         <name>memset.obj</name>
      </input_file>
      <input_file id="fl-a6">
         <path>C:\ti\ccsv5\tools\compiler\c6000_7.4.6\lib\</path>
         <kind>archive</kind>
         <file>rts6700.lib</file>
         <name>mpyll.obj</name>
      </input_file>
      <input_file id="fl-a7">
         <path>C:\ti\ccsv5\tools\compiler\c6000_7.4.6\lib\</path>
         <kind>archive</kind>
         <file>rts6700.lib</file>
         <name>negll.obj</name>
      </input_file>
      <input_file id="fl-a8">
         <path>C:\ti\ccsv5\tools\compiler\c6000_7.4.6\lib\</path>
         <kind>archive</kind>
         <file>rts6700.lib</file>
         <name>trgdrv.obj</name>
      </input_file>
      <input_file id="fl-a9">
         <path>C:\ti\ccsv5\tools\compiler\c6000_7.4.6\lib\</path>
         <kind>archive</kind>
         <file>rts6700.lib</file>
         <name>trgmsg.obj</name>
      </input_file>
      <input_file id="fl-aa">
         <path>C:\ti\ccsv5\tools\compiler\c6000_7.4.6\lib\</path>
         <kind>archive</kind>
         <file>rts6700.lib</file>
         <name>_io_perm.obj</name>
      </input_file>
      <input_file id="fl-ab">
         <path>C:\ti\ccsv5\tools\compiler\c6000_7.4.6\lib\</path>
         <kind>archive</kind>
         <file>rts6700.lib</file>
         <name>abs.obj</name>
      </input_file>
      <input_file id="fl-ac">
         <path>C:\ti\ccsv5\tools\compiler\c6000_7.4.6\lib\</path>
         <kind>archive</kind>
         <file>rts6700.lib</file>
         <name>fflush.obj</name>
      </input_file>
      <input_file id="fl-ad">
         <path>C:\ti\ccsv5\tools\compiler\c6000_7.4.6\lib\</path>
         <kind>archive</kind>
         <file>rts6700.lib</file>
         <name>fseek.obj</name>
      </input_file>
      <input_file id="fl-ae">
         <path>C:\ti\ccsv5\tools\compiler\c6000_7.4.6\lib\</path>
         <kind>archive</kind>
         <file>rts6700.lib</file>
         <name>setvbuf.obj</name>
      </input_file>
      <input_file id="fl-af">
         <path>C:\ti\ccsv5\tools\compiler\c6000_7.4.6\lib\</path>
         <kind>archive</kind>
         <file>rts6700.lib</file>
         <name>fopen.obj</name>
      </input_file>
      <input_file id="fl-b0">
         <path>C:\ti\ccsv5\tools\compiler\c6000_7.4.6\lib\</path>
         <kind>archive</kind>
         <file>rts6700.lib</file>
         <name>memory.obj</name>
      </input_file>
      <input_file id="fl-b1">
         <path>C:\ti\ccsv5\tools\compiler\c6000_7.4.6\lib\</path>
         <kind>archive</kind>
         <file>rts6700.lib</file>
         <name>fclose.obj</name>
      </input_file>
      <input_file id="fl-b2">
         <path>C:\ti\ccsv5\tools\compiler\c6000_7.4.6\lib\</path>
         <kind>archive</kind>
         <file>rts6700.lib</file>
         <name>remove.obj</name>
      </input_file>
   </input_file_list>
   <object_component_list>
      <object_component id="oc-10">
         <name>.vectors</name>
         <load_address>0x0</load_address>
         <run_address>0x0</run_address>
         <size>0x200</size>
         <input_file_ref idref="fl-2"/>
      </object_component>
      <object_component id="oc-129">
         <name>.text:__divd</name>
         <load_address>0x220</load_address>
         <run_address>0x220</run_address>
         <size>0x720</size>
         <input_file_ref idref="fl-96"/>
      </object_component>
      <object_component id="oc-11d">
         <name>.text:__getarg_diouxp</name>
         <load_address>0x940</load_address>
         <run_address>0x940</run_address>
         <size>0x6c0</size>
         <input_file_ref idref="fl-8e"/>
      </object_component>
      <object_component id="oc-e1">
         <name>.text</name>
         <load_address>0x1000</load_address>
         <run_address>0x1000</run_address>
         <size>0x6a0</size>
         <input_file_ref idref="fl-4"/>
      </object_component>
      <object_component id="oc-10b">
         <name>.text:__setfield</name>
         <load_address>0x16a0</load_address>
         <run_address>0x16a0</run_address>
         <size>0x640</size>
         <input_file_ref idref="fl-8e"/>
      </object_component>
      <object_component id="oc-106">
         <name>.text:__printfi</name>
         <load_address>0x1ce0</load_address>
         <run_address>0x1ce0</run_address>
         <size>0x560</size>
         <input_file_ref idref="fl-8e"/>
      </object_component>
      <object_component id="oc-107">
         <name>.text:_fputs</name>
         <load_address>0x2240</load_address>
         <run_address>0x2240</run_address>
         <size>0x4c0</size>
         <input_file_ref idref="fl-9b"/>
      </object_component>
      <object_component id="oc-24">
         <name>.text</name>
         <load_address>0x2700</load_address>
         <run_address>0x2700</run_address>
         <size>0x480</size>
         <input_file_ref idref="fl-a"/>
      </object_component>
      <object_component id="oc-127">
         <name>.text:_fcvt</name>
         <load_address>0x2b80</load_address>
         <run_address>0x2b80</run_address>
         <size>0x420</size>
         <input_file_ref idref="fl-8e"/>
      </object_component>
      <object_component id="oc-112">
         <name>.text:__pproc_fge</name>
         <load_address>0x2fa0</load_address>
         <run_address>0x2fa0</run_address>
         <size>0x400</size>
         <input_file_ref idref="fl-8e"/>
      </object_component>
      <object_component id="oc-124">
         <name>.text:_ecvt</name>
         <load_address>0x33a0</load_address>
         <run_address>0x33a0</run_address>
         <size>0x400</size>
         <input_file_ref idref="fl-8e"/>
      </object_component>
      <object_component id="oc-136">
         <name>.text:__divull</name>
         <load_address>0x37a0</load_address>
         <run_address>0x37a0</run_address>
         <size>0x380</size>
         <input_file_ref idref="fl-9e"/>
      </object_component>
      <object_component id="oc-121">
         <name>.text:_free</name>
         <load_address>0x3b20</load_address>
         <run_address>0x3b20</run_address>
         <size>0x380</size>
         <input_file_ref idref="fl-b0"/>
      </object_component>
      <object_component id="oc-11c">
         <name>.text:__pconv_e</name>
         <load_address>0x3ea0</load_address>
         <run_address>0x3ea0</run_address>
         <size>0x360</size>
         <input_file_ref idref="fl-8e"/>
      </object_component>
      <object_component id="oc-10a">
         <name>.text:__pproc_fwp</name>
         <load_address>0x4200</load_address>
         <run_address>0x4200</run_address>
         <size>0x360</size>
         <input_file_ref idref="fl-8e"/>
      </object_component>
      <object_component id="oc-2a">
         <name>.text</name>
         <load_address>0x4560</load_address>
         <run_address>0x4560</run_address>
         <size>0x320</size>
         <input_file_ref idref="fl-b"/>
      </object_component>
      <object_component id="oc-113">
         <name>.text:__pproc_diouxp</name>
         <load_address>0x4880</load_address>
         <run_address>0x4880</run_address>
         <size>0x300</size>
         <input_file_ref idref="fl-8e"/>
      </object_component>
      <object_component id="oc-11a">
         <name>.text:__pconv_g</name>
         <load_address>0x4b80</load_address>
         <run_address>0x4b80</run_address>
         <size>0x2c0</size>
         <input_file_ref idref="fl-8e"/>
      </object_component>
      <object_component id="oc-10c">
         <name>.text:__pproc_str</name>
         <load_address>0x4e40</load_address>
         <run_address>0x4e40</run_address>
         <size>0x2c0</size>
         <input_file_ref idref="fl-8e"/>
      </object_component>
      <object_component id="oc-108">
         <name>.text:_fputc</name>
         <load_address>0x5100</load_address>
         <run_address>0x5100</run_address>
         <size>0x2a0</size>
         <input_file_ref idref="fl-9a"/>
      </object_component>
      <object_component id="oc-116">
         <name>.text:_setvbuf</name>
         <load_address>0x53a0</load_address>
         <run_address>0x53a0</run_address>
         <size>0x2a0</size>
         <input_file_ref idref="fl-ae"/>
      </object_component>
      <object_component id="oc-135">
         <name>.text:__divul</name>
         <load_address>0x5640</load_address>
         <run_address>0x5640</run_address>
         <size>0x260</size>
         <input_file_ref idref="fl-9d"/>
      </object_component>
      <object_component id="oc-126">
         <name>.text:__mcpy</name>
         <load_address>0x58a0</load_address>
         <run_address>0x58a0</run_address>
         <size>0x240</size>
         <input_file_ref idref="fl-8e"/>
      </object_component>
      <object_component id="oc-122">
         <name>.text:_malloc</name>
         <load_address>0x5ae0</load_address>
         <run_address>0x5ae0</run_address>
         <size>0x240</size>
         <input_file_ref idref="fl-b0"/>
      </object_component>
      <object_component id="oc-ee">
         <name>.text:_memcpy</name>
         <load_address>0x5d20</load_address>
         <run_address>0x5d20</run_address>
         <size>0x240</size>
         <input_file_ref idref="fl-a4"/>
      </object_component>
      <object_component id="oc-ec">
         <name>.text:_HOSTrename</name>
         <load_address>0x5f60</load_address>
         <run_address>0x5f60</run_address>
         <size>0x220</size>
         <input_file_ref idref="fl-a8"/>
      </object_component>
      <object_component id="oc-13e">
         <name>.text:_getdevice</name>
         <load_address>0x6180</load_address>
         <run_address>0x6180</run_address>
         <size>0x1e0</size>
         <input_file_ref idref="fl-a1"/>
      </object_component>
      <object_component id="oc-f6">
         <name>.text:_IRQ_map</name>
         <load_address>0x6360</load_address>
         <run_address>0x6360</run_address>
         <size>0x1c0</size>
         <input_file_ref idref="fl-10"/>
      </object_component>
      <object_component id="oc-115">
         <name>.text:_fseek</name>
         <load_address>0x6520</load_address>
         <run_address>0x6520</run_address>
         <size>0x1c0</size>
         <input_file_ref idref="fl-ad"/>
      </object_component>
      <object_component id="oc-ff">
         <name>.text:_MCBSP_reset</name>
         <load_address>0x66e0</load_address>
         <run_address>0x66e0</run_address>
         <size>0x1a0</size>
         <input_file_ref idref="fl-11"/>
      </object_component>
      <object_component id="oc-11f">
         <name>.text:__ltostr</name>
         <load_address>0x6880</load_address>
         <run_address>0x6880</run_address>
         <size>0x1a0</size>
         <input_file_ref idref="fl-8e"/>
      </object_component>
      <object_component id="oc-109">
         <name>.text:__pproc_fflags</name>
         <load_address>0x6a20</load_address>
         <run_address>0x6a20</run_address>
         <size>0x1a0</size>
         <input_file_ref idref="fl-8e"/>
      </object_component>
      <object_component id="oc-40">
         <name>.text</name>
         <load_address>0x6bc0</load_address>
         <run_address>0x6bc0</run_address>
         <size>0x1a0</size>
         <input_file_ref idref="fl-f"/>
      </object_component>
      <object_component id="oc-ea">
         <name>.text:_HOSTlseek</name>
         <load_address>0x6d60</load_address>
         <run_address>0x6d60</run_address>
         <size>0x160</size>
         <input_file_ref idref="fl-a8"/>
      </object_component>
      <object_component id="oc-12e">
         <name>.text:__closefile</name>
         <load_address>0x6ec0</load_address>
         <run_address>0x6ec0</run_address>
         <size>0x160</size>
         <input_file_ref idref="fl-b1"/>
      </object_component>
      <object_component id="oc-30">
         <name>.text</name>
         <load_address>0x7020</load_address>
         <run_address>0x7020</run_address>
         <size>0x160</size>
         <input_file_ref idref="fl-c"/>
      </object_component>
      <object_component id="oc-f0">
         <name>.text</name>
         <load_address>0x7180</load_address>
         <run_address>0x7180</run_address>
         <size>0x140</size>
         <input_file_ref idref="fl-3"/>
      </object_component>
      <object_component id="oc-e8">
         <name>.text:_HOSTread</name>
         <load_address>0x72c0</load_address>
         <run_address>0x72c0</run_address>
         <size>0x140</size>
         <input_file_ref idref="fl-a8"/>
      </object_component>
      <object_component id="oc-133">
         <name>.text:__frcmpyd_div</name>
         <load_address>0x7400</load_address>
         <run_address>0x7400</run_address>
         <size>0x140</size>
         <input_file_ref idref="fl-9c"/>
      </object_component>
      <object_component id="oc-111">
         <name>.text:_atoi</name>
         <load_address>0x7540</load_address>
         <run_address>0x7540</run_address>
         <size>0x140</size>
         <input_file_ref idref="fl-90"/>
      </object_component>
      <object_component id="oc-18">
         <name>.text:retain</name>
         <load_address>0x7680</load_address>
         <run_address>0x7680</run_address>
         <size>0x140</size>
         <input_file_ref idref="fl-3"/>
      </object_component>
      <object_component id="oc-e6">
         <name>.text:_HOSTopen</name>
         <load_address>0x77c0</load_address>
         <run_address>0x77c0</run_address>
         <size>0x120</size>
         <input_file_ref idref="fl-a8"/>
      </object_component>
      <object_component id="oc-e9">
         <name>.text:_HOSTwrite</name>
         <load_address>0x78e0</load_address>
         <run_address>0x78e0</run_address>
         <size>0x120</size>
         <input_file_ref idref="fl-a8"/>
      </object_component>
      <object_component id="oc-10d">
         <name>.text:__wrt_ok</name>
         <load_address>0x7a00</load_address>
         <run_address>0x7a00</run_address>
         <size>0x120</size>
         <input_file_ref idref="fl-aa"/>
      </object_component>
      <object_component id="oc-137">
         <name>.text:_close</name>
         <load_address>0x7b20</load_address>
         <run_address>0x7b20</run_address>
         <size>0x120</size>
         <input_file_ref idref="fl-a1"/>
      </object_component>
      <object_component id="oc-130">
         <name>.text:_ltoa</name>
         <load_address>0x7c40</load_address>
         <run_address>0x7c40</run_address>
         <size>0x120</size>
         <input_file_ref idref="fl-a2"/>
      </object_component>
      <object_component id="oc-110">
         <name>.text:_memset</name>
         <load_address>0x7d60</load_address>
         <run_address>0x7d60</run_address>
         <size>0x120</size>
         <input_file_ref idref="fl-a5"/>
      </object_component>
      <object_component id="oc-e7">
         <name>.text:_HOSTclose</name>
         <load_address>0x7e80</load_address>
         <run_address>0x7e80</run_address>
         <size>0x100</size>
         <input_file_ref idref="fl-a8"/>
      </object_component>
      <object_component id="oc-eb">
         <name>.text:_HOSTunlink</name>
         <load_address>0x7f80</load_address>
         <run_address>0x7f80</run_address>
         <size>0x100</size>
         <input_file_ref idref="fl-a8"/>
      </object_component>
      <object_component id="oc-e3">
         <name>.text:_MCBSP_open</name>
         <load_address>0x8080</load_address>
         <run_address>0x8080</run_address>
         <size>0x100</size>
         <input_file_ref idref="fl-11"/>
      </object_component>
      <object_component id="oc-e4">
         <name>.text:_MCBSP_start</name>
         <load_address>0x8180</load_address>
         <run_address>0x8180</run_address>
         <size>0x100</size>
         <input_file_ref idref="fl-11"/>
      </object_component>
      <object_component id="oc-de">
         <name>.text:__auto_init</name>
         <load_address>0x8280</load_address>
         <run_address>0x8280</run_address>
         <size>0x100</size>
         <input_file_ref idref="fl-91"/>
      </object_component>
      <object_component id="oc-12a">
         <name>.text:__div</name>
         <load_address>0x8380</load_address>
         <run_address>0x8380</run_address>
         <size>0x100</size>
         <input_file_ref idref="fl-8e"/>
      </object_component>
      <object_component id="oc-13a">
         <name>.text:__divli</name>
         <load_address>0x8480</load_address>
         <run_address>0x8480</run_address>
         <size>0x100</size>
         <input_file_ref idref="fl-9d"/>
      </object_component>
      <object_component id="oc-11b">
         <name>.text:__pconv_f</name>
         <load_address>0x8580</load_address>
         <run_address>0x8580</run_address>
         <size>0x100</size>
         <input_file_ref idref="fl-8e"/>
      </object_component>
      <object_component id="oc-120">
         <name>.text:_lseek</name>
         <load_address>0x8680</load_address>
         <run_address>0x8680</run_address>
         <size>0x100</size>
         <input_file_ref idref="fl-a1"/>
      </object_component>
      <object_component id="oc-102">
         <name>.text:_printf</name>
         <load_address>0x8780</load_address>
         <run_address>0x8780</run_address>
         <size>0x100</size>
         <input_file_ref idref="fl-8b"/>
      </object_component>
      <object_component id="oc-10f">
         <name>.text:_write</name>
         <load_address>0x8880</load_address>
         <run_address>0x8880</run_address>
         <size>0x100</size>
         <input_file_ref idref="fl-a1"/>
      </object_component>
      <object_component id="oc-123">
         <name>.text:__cleanup</name>
         <load_address>0x8980</load_address>
         <run_address>0x8980</run_address>
         <size>0xe0</size>
         <input_file_ref idref="fl-af"/>
      </object_component>
      <object_component id="oc-10e">
         <name>.text:__doflush</name>
         <load_address>0x8a60</load_address>
         <run_address>0x8a60</run_address>
         <size>0xe0</size>
         <input_file_ref idref="fl-ac"/>
      </object_component>
      <object_component id="oc-125">
         <name>.text:__ecpy</name>
         <load_address>0x8b40</load_address>
         <run_address>0x8b40</run_address>
         <size>0xe0</size>
         <input_file_ref idref="fl-8e"/>
      </object_component>
      <object_component id="oc-128">
         <name>.text:__fcpy</name>
         <load_address>0x8c20</load_address>
         <run_address>0x8c20</run_address>
         <size>0xe0</size>
         <input_file_ref idref="fl-8e"/>
      </object_component>
      <object_component id="oc-e2">
         <name>.text:__strasg</name>
         <load_address>0x8d00</load_address>
         <run_address>0x8d00</run_address>
         <size>0xe0</size>
         <input_file_ref idref="fl-8c"/>
      </object_component>
      <object_component id="oc-e0">
         <name>.text:_exit</name>
         <load_address>0x8de0</load_address>
         <run_address>0x8de0</run_address>
         <size>0xe0</size>
         <input_file_ref idref="fl-8a"/>
      </object_component>
      <object_component id="oc-12d">
         <name>.text:_minsert</name>
         <load_address>0x8ec0</load_address>
         <run_address>0x8ec0</run_address>
         <size>0xe0</size>
         <input_file_ref idref="fl-b0"/>
      </object_component>
      <object_component id="oc-12c">
         <name>.text:_mremove</name>
         <load_address>0x8fa0</load_address>
         <run_address>0x8fa0</run_address>
         <size>0xe0</size>
         <input_file_ref idref="fl-b0"/>
      </object_component>
      <object_component id="oc-134">
         <name>.text:__divu</name>
         <load_address>0x9080</load_address>
         <run_address>0x9080</run_address>
         <size>0xc0</size>
         <input_file_ref idref="fl-97"/>
      </object_component>
      <object_component id="oc-ed">
         <name>.text:_copy_in</name>
         <load_address>0x9140</load_address>
         <run_address>0x9140</run_address>
         <size>0xc0</size>
         <input_file_ref idref="fl-93"/>
      </object_component>
      <object_component id="oc-13f">
         <name>.text:_finddevice</name>
         <load_address>0x9200</load_address>
         <run_address>0x9200</run_address>
         <size>0xc0</size>
         <input_file_ref idref="fl-a1"/>
      </object_component>
      <object_component id="oc-36">
         <name>.text</name>
         <load_address>0x92c0</load_address>
         <run_address>0x92c0</run_address>
         <size>0xc0</size>
         <input_file_ref idref="fl-d"/>
      </object_component>
      <object_component id="oc-f2">
         <name>.text:_MCBSP_config</name>
         <load_address>0x9380</load_address>
         <run_address>0x9380</run_address>
         <size>0xa0</size>
         <input_file_ref idref="fl-11"/>
      </object_component>
      <object_component id="oc-12f">
         <name>.text:__fixdli</name>
         <load_address>0x9420</load_address>
         <run_address>0x9420</run_address>
         <size>0xa0</size>
         <input_file_ref idref="fl-98"/>
      </object_component>
      <object_component id="oc-12b">
         <name>.text:__mpyll</name>
         <load_address>0x94c0</load_address>
         <run_address>0x94c0</run_address>
         <size>0xa0</size>
         <input_file_ref idref="fl-a6"/>
      </object_component>
      <object_component id="oc-139">
         <name>.text:__remli</name>
         <load_address>0x9560</load_address>
         <run_address>0x9560</run_address>
         <size>0xa0</size>
         <input_file_ref idref="fl-9d"/>
      </object_component>
      <object_component id="oc-101">
         <name>.text:_readmsg</name>
         <load_address>0x9600</load_address>
         <run_address>0x9600</run_address>
         <size>0xa0</size>
         <input_file_ref idref="fl-a9"/>
      </object_component>
      <object_component id="oc-103">
         <name>.text:_setMux</name>
         <load_address>0x96a0</load_address>
         <run_address>0x96a0</run_address>
         <size>0xa0</size>
         <input_file_ref idref="fl-10"/>
      </object_component>
      <object_component id="oc-13d">
         <name>.text:_unlink</name>
         <load_address>0x9740</load_address>
         <run_address>0x9740</run_address>
         <size>0xa0</size>
         <input_file_ref idref="fl-a1"/>
      </object_component>
      <object_component id="oc-100">
         <name>.text:_writemsg</name>
         <load_address>0x97e0</load_address>
         <run_address>0x97e0</run_address>
         <size>0xa0</size>
         <input_file_ref idref="fl-a9"/>
      </object_component>
      <object_component id="oc-ef">
         <name>.text:___TI_cpp_init</name>
         <load_address>0x9880</load_address>
         <run_address>0x9880</run_address>
         <size>0x80</size>
         <input_file_ref idref="fl-92"/>
      </object_component>
      <object_component id="oc-131">
         <name>.text:__fltlid</name>
         <load_address>0x9900</load_address>
         <run_address>0x9900</run_address>
         <size>0x80</size>
         <input_file_ref idref="fl-99"/>
      </object_component>
      <object_component id="oc-13b">
         <name>.text:__llshl</name>
         <load_address>0x9980</load_address>
         <run_address>0x9980</run_address>
         <size>0x80</size>
         <input_file_ref idref="fl-a0"/>
      </object_component>
      <object_component id="oc-e">
         <name>.text:_c_int00</name>
         <load_address>0x9a00</load_address>
         <run_address>0x9a00</run_address>
         <size>0x80</size>
         <input_file_ref idref="fl-89"/>
      </object_component>
      <object_component id="oc-114">
         <name>.text:_memccpy</name>
         <load_address>0x9a80</load_address>
         <run_address>0x9a80</run_address>
         <size>0x80</size>
         <input_file_ref idref="fl-a3"/>
      </object_component>
      <object_component id="oc-3c">
         <name>.text</name>
         <load_address>0x9b00</load_address>
         <run_address>0x9b00</run_address>
         <size>0x80</size>
         <input_file_ref idref="fl-e"/>
      </object_component>
      <object_component id="oc-119">
         <name>.text:___isinf</name>
         <load_address>0x9b80</load_address>
         <run_address>0x9b80</run_address>
         <size>0x60</size>
         <input_file_ref idref="fl-9f"/>
      </object_component>
      <object_component id="oc-132">
         <name>.text:__llshru</name>
         <load_address>0x9be0</load_address>
         <run_address>0x9be0</run_address>
         <size>0x60</size>
         <input_file_ref idref="fl-a0"/>
      </object_component>
      <object_component id="oc-13c">
         <name>.text:__subcull</name>
         <load_address>0x9c40</load_address>
         <run_address>0x9c40</run_address>
         <size>0x60</size>
         <input_file_ref idref="fl-9e"/>
      </object_component>
      <object_component id="oc-fa">
         <name>.text:_IRQ_enable</name>
         <load_address>0x9ca0</load_address>
         <run_address>0x9ca0</run_address>
         <size>0x40</size>
         <input_file_ref idref="fl-10"/>
      </object_component>
      <object_component id="oc-f7">
         <name>.text:_IRQ_reset</name>
         <load_address>0x9ce0</load_address>
         <run_address>0x9ce0</run_address>
         <size>0x40</size>
         <input_file_ref idref="fl-10"/>
      </object_component>
      <object_component id="oc-118">
         <name>.text:___isnan</name>
         <load_address>0x9d20</load_address>
         <run_address>0x9d20</run_address>
         <size>0x40</size>
         <input_file_ref idref="fl-8e"/>
      </object_component>
      <object_component id="oc-df">
         <name>.text:__args_main</name>
         <load_address>0x9d60</load_address>
         <run_address>0x9d60</run_address>
         <size>0x40</size>
         <input_file_ref idref="fl-8f"/>
      </object_component>
      <object_component id="oc-f">
         <name>.text</name>
         <load_address>0x9da0</load_address>
         <run_address>0x9da0</run_address>
         <size>0x20</size>
         <input_file_ref idref="fl-2"/>
      </object_component>
      <object_component id="oc-f3">
         <name>.text:_IRQ_globalDisable</name>
         <load_address>0x9dc0</load_address>
         <run_address>0x9dc0</run_address>
         <size>0x20</size>
         <input_file_ref idref="fl-10"/>
      </object_component>
      <object_component id="oc-f8">
         <name>.text:_IRQ_globalEnable</name>
         <load_address>0x9de0</load_address>
         <run_address>0x9de0</run_address>
         <size>0x20</size>
         <input_file_ref idref="fl-10"/>
      </object_component>
      <object_component id="oc-f9">
         <name>.text:_IRQ_nmiEnable</name>
         <load_address>0x9e00</load_address>
         <run_address>0x9e00</run_address>
         <size>0x20</size>
         <input_file_ref idref="fl-10"/>
      </object_component>
      <object_component id="oc-f5">
         <name>.text:_IRQ_setVecs</name>
         <load_address>0x9e20</load_address>
         <run_address>0x9e20</run_address>
         <size>0x20</size>
         <input_file_ref idref="fl-10"/>
      </object_component>
      <object_component id="oc-f4">
         <name>.text:_MCBSP_getXmtEventId</name>
         <load_address>0x9e40</load_address>
         <run_address>0x9e40</run_address>
         <size>0x20</size>
         <input_file_ref idref="fl-11"/>
      </object_component>
      <object_component id="oc-fe">
         <name>.text:_MCBSP_read</name>
         <load_address>0x9e60</load_address>
         <run_address>0x9e60</run_address>
         <size>0x20</size>
         <input_file_ref idref="fl-11"/>
      </object_component>
      <object_component id="oc-fd">
         <name>.text:_MCBSP_rrdy</name>
         <load_address>0x9e80</load_address>
         <run_address>0x9e80</run_address>
         <size>0x20</size>
         <input_file_ref idref="fl-11"/>
      </object_component>
      <object_component id="oc-fc">
         <name>.text:_MCBSP_write</name>
         <load_address>0x9ea0</load_address>
         <run_address>0x9ea0</run_address>
         <size>0x20</size>
         <input_file_ref idref="fl-11"/>
      </object_component>
      <object_component id="oc-fb">
         <name>.text:_MCBSP_xrdy</name>
         <load_address>0x9ec0</load_address>
         <run_address>0x9ec0</run_address>
         <size>0x20</size>
         <input_file_ref idref="fl-11"/>
      </object_component>
      <object_component id="oc-11e">
         <name>.text:__negll</name>
         <load_address>0x9ee0</load_address>
         <run_address>0x9ee0</run_address>
         <size>0x20</size>
         <input_file_ref idref="fl-a7"/>
      </object_component>
      <object_component id="oc-e5">
         <name>.text:__nop</name>
         <load_address>0x9f00</load_address>
         <run_address>0x9f00</run_address>
         <size>0x20</size>
         <input_file_ref idref="fl-8d"/>
      </object_component>
      <object_component id="oc-105">
         <name>.text:__outc</name>
         <load_address>0x9f20</load_address>
         <run_address>0x9f20</run_address>
         <size>0x20</size>
         <input_file_ref idref="fl-8b"/>
      </object_component>
      <object_component id="oc-104">
         <name>.text:__outs</name>
         <load_address>0x9f40</load_address>
         <run_address>0x9f40</run_address>
         <size>0x20</size>
         <input_file_ref idref="fl-8b"/>
      </object_component>
      <object_component id="oc-f1">
         <name>.text:_abort</name>
         <load_address>0x9f60</load_address>
         <run_address>0x9f60</run_address>
         <size>0x20</size>
         <input_file_ref idref="fl-8a"/>
      </object_component>
      <object_component id="oc-138">
         <name>.text:_remove</name>
         <load_address>0x9f80</load_address>
         <run_address>0x9f80</run_address>
         <size>0x20</size>
         <input_file_ref idref="fl-b2"/>
      </object_component>
      <object_component id="oc-45">
         <name>.text</name>
         <load_address>0x9fa0</load_address>
         <run_address>0x9fa0</run_address>
         <size>0x20</size>
         <input_file_ref idref="fl-10"/>
      </object_component>
      <object_component id="oc-14">
         <name>.bss</name>
         <uninitialized>true</uninitialized>
         <run_address>0xb4b0</run_address>
         <size>0x8</size>
         <input_file_ref idref="fl-3"/>
      </object_component>
      <object_component id="oc-1d">
         <name>.bss</name>
         <uninitialized>true</uninitialized>
         <run_address>0xb4a4</run_address>
         <size>0xc</size>
         <input_file_ref idref="fl-4"/>
      </object_component>
      <object_component id="oc-46">
         <name>.cinit</name>
         <load_address>0xae08</load_address>
         <run_address>0xae08</run_address>
         <size>0x12c</size>
         <input_file_ref idref="fl-10"/>
      </object_component>
      <object_component id="oc-7a">
         <name>.cinit</name>
         <load_address>0xaf38</load_address>
         <run_address>0xaf38</run_address>
         <size>0x5c</size>
         <input_file_ref idref="fl-95"/>
      </object_component>
      <object_component id="oc-a0">
         <name>.cinit</name>
         <load_address>0xaf98</load_address>
         <run_address>0xaf98</run_address>
         <size>0x5c</size>
         <input_file_ref idref="fl-a1"/>
      </object_component>
      <object_component id="oc-1f">
         <name>.cinit</name>
         <load_address>0xaff8</load_address>
         <run_address>0xaff8</run_address>
         <size>0x58</size>
         <input_file_ref idref="fl-4"/>
      </object_component>
      <object_component id="oc-4b">
         <name>.cinit</name>
         <load_address>0xb050</load_address>
         <run_address>0xb050</run_address>
         <size>0x54</size>
         <input_file_ref idref="fl-11"/>
      </object_component>
      <object_component id="oc-16">
         <name>.cinit</name>
         <load_address>0xb0a8</load_address>
         <run_address>0xb0a8</run_address>
         <size>0x48</size>
         <input_file_ref idref="fl-3"/>
      </object_component>
      <object_component id="oc-31">
         <name>.cinit</name>
         <load_address>0xb0f0</load_address>
         <run_address>0xb0f0</run_address>
         <size>0x30</size>
         <input_file_ref idref="fl-c"/>
      </object_component>
      <object_component id="oc-55">
         <name>.cinit</name>
         <load_address>0xb120</load_address>
         <run_address>0xb120</run_address>
         <size>0x2c</size>
         <input_file_ref idref="fl-8a"/>
      </object_component>
      <object_component id="oc-d3">
         <name>.cinit</name>
         <load_address>0xb150</load_address>
         <run_address>0xb150</run_address>
         <size>0x2c</size>
         <input_file_ref idref="fl-b0"/>
      </object_component>
      <object_component id="oc-37">
         <name>.cinit</name>
         <load_address>0xb180</load_address>
         <run_address>0xb180</run_address>
         <size>0x28</size>
         <input_file_ref idref="fl-d"/>
      </object_component>
      <object_component id="oc-60">
         <name>.cinit</name>
         <load_address>0xb1a8</load_address>
         <run_address>0xb1a8</run_address>
         <size>0x1c</size>
         <input_file_ref idref="fl-8d"/>
      </object_component>
      <object_component id="oc-ce">
         <name>.cinit</name>
         <load_address>0xb1c8</load_address>
         <run_address>0xb1c8</run_address>
         <size>0xc</size>
         <input_file_ref idref="fl-af"/>
      </object_component>
      <object_component id="oc-51">
         <name>.stack</name>
         <uninitialized>true</uninitialized>
         <run_address>0xa608</run_address>
         <size>0x8</size>
         <input_file_ref idref="fl-89"/>
      </object_component>
      <object_component id="oc-155">
         <name>.stack</name>
         <uninitialized>true</uninitialized>
         <run_address>0xa608</run_address>
         <size>0x0</size>
      </object_component>
      <object_component id="oc-d5">
         <name>.sysmem</name>
         <uninitialized>true</uninitialized>
         <run_address>0xaa08</run_address>
         <size>0x8</size>
         <input_file_ref idref="fl-b0"/>
      </object_component>
      <object_component id="oc-156">
         <name>.sysmem</name>
         <uninitialized>true</uninitialized>
         <run_address>0xaa08</run_address>
         <size>0x0</size>
      </object_component>
      <object_component id="oc-117">
         <name>.const:.string:__ctypes_</name>
         <load_address>0xb1dc</load_address>
         <run_address>0xb1dc</run_address>
         <size>0x101</size>
         <input_file_ref idref="fl-94"/>
      </object_component>
      <object_component id="oc-8d">
         <name>.const:.string</name>
         <load_address>0xb2dd</load_address>
         <run_address>0xb2dd</run_address>
         <size>0x2</size>
         <input_file_ref idref="fl-9b"/>
      </object_component>
      <object_component id="oc-2c">
         <name>.const</name>
         <load_address>0xb2e0</load_address>
         <run_address>0xb2e0</run_address>
         <size>0x40</size>
         <input_file_ref idref="fl-b"/>
      </object_component>
      <object_component id="oc-65">
         <name>.const:.string</name>
         <load_address>0xb320</load_address>
         <run_address>0xb320</run_address>
         <size>0x23</size>
         <input_file_ref idref="fl-8e"/>
      </object_component>
      <object_component id="oc-19">
         <name>.const:.string</name>
         <load_address>0xb344</load_address>
         <run_address>0xb344</run_address>
         <size>0x20</size>
         <input_file_ref idref="fl-3"/>
      </object_component>
      <object_component id="oc-26">
         <name>.const</name>
         <load_address>0xb364</load_address>
         <run_address>0xb364</run_address>
         <size>0x20</size>
         <input_file_ref idref="fl-a"/>
      </object_component>
      <object_component id="oc-17">
         <name>.far</name>
         <uninitialized>true</uninitialized>
         <run_address>0xa5c0</run_address>
         <size>0x14</size>
         <input_file_ref idref="fl-3"/>
      </object_component>
      <object_component id="oc-20">
         <name>.far</name>
         <uninitialized>true</uninitialized>
         <run_address>0xa4f4</run_address>
         <size>0x4c</size>
         <input_file_ref idref="fl-4"/>
      </object_component>
      <object_component id="oc-25">
         <name>.far</name>
         <uninitialized>true</uninitialized>
         <run_address>0xa604</run_address>
         <size>0x2</size>
         <input_file_ref idref="fl-a"/>
      </object_component>
      <object_component id="oc-2b">
         <name>.far</name>
         <uninitialized>true</uninitialized>
         <run_address>0xa5e0</run_address>
         <size>0x8</size>
         <input_file_ref idref="fl-b"/>
      </object_component>
      <object_component id="oc-32">
         <name>.far</name>
         <uninitialized>true</uninitialized>
         <run_address>0xa578</run_address>
         <size>0x28</size>
         <input_file_ref idref="fl-c"/>
      </object_component>
      <object_component id="oc-38">
         <name>.far</name>
         <uninitialized>true</uninitialized>
         <run_address>0xa5a0</run_address>
         <size>0x20</size>
         <input_file_ref idref="fl-d"/>
      </object_component>
      <object_component id="oc-41">
         <name>.far</name>
         <uninitialized>true</uninitialized>
         <run_address>0xa606</run_address>
         <size>0x2</size>
         <input_file_ref idref="fl-f"/>
      </object_component>
      <object_component id="oc-47">
         <name>.far</name>
         <uninitialized>true</uninitialized>
         <run_address>0xa400</run_address>
         <size>0xf4</size>
         <input_file_ref idref="fl-10"/>
      </object_component>
      <object_component id="oc-4c">
         <name>.far</name>
         <uninitialized>true</uninitialized>
         <run_address>0xa540</run_address>
         <size>0x38</size>
         <input_file_ref idref="fl-11"/>
      </object_component>
      <object_component id="oc-56">
         <name>.far</name>
         <uninitialized>true</uninitialized>
         <run_address>0xa5d4</run_address>
         <size>0xc</size>
         <input_file_ref idref="fl-8a"/>
      </object_component>
      <object_component id="oc-61">
         <name>.far</name>
         <uninitialized>true</uninitialized>
         <run_address>0xa5e8</run_address>
         <size>0x8</size>
         <input_file_ref idref="fl-8d"/>
      </object_component>
      <object_component id="oc-7b">
         <name>.far</name>
         <uninitialized>true</uninitialized>
         <run_address>0x9fc0</run_address>
         <size>0x324</size>
         <input_file_ref idref="fl-95"/>
      </object_component>
      <object_component id="oc-a1">
         <name>.far</name>
         <uninitialized>true</uninitialized>
         <run_address>0xa2e4</run_address>
         <size>0x11c</size>
         <input_file_ref idref="fl-a1"/>
      </object_component>
      <object_component id="oc-b7">
         <name>.far</name>
         <uninitialized>true</uninitialized>
         <run_address>0xa5f8</run_address>
         <size>0x8</size>
         <input_file_ref idref="fl-a8"/>
      </object_component>
      <object_component id="oc-cf">
         <name>.far</name>
         <uninitialized>true</uninitialized>
         <run_address>0xa600</run_address>
         <size>0x4</size>
         <input_file_ref idref="fl-af"/>
      </object_component>
      <object_component id="oc-d4">
         <name>.far</name>
         <uninitialized>true</uninitialized>
         <run_address>0xa5f0</run_address>
         <size>0x8</size>
         <input_file_ref idref="fl-b0"/>
      </object_component>
      <object_component id="oc-bb">
         <name>.cio</name>
         <uninitialized>true</uninitialized>
         <run_address>0xb384</run_address>
         <size>0x120</size>
         <input_file_ref idref="fl-a9"/>
      </object_component>
      <object_component id="oc-11">
         <name>.debug_info</name>
         <load_address>0x0</load_address>
         <run_address>0x0</run_address>
         <size>0x10f</size>
         <input_file_ref idref="fl-2"/>
      </object_component>
      <object_component id="oc-15">
         <name>.debug_info</name>
         <load_address>0x10f</load_address>
         <run_address>0x10f</run_address>
         <size>0xa5b</size>
         <input_file_ref idref="fl-3"/>
      </object_component>
      <object_component id="oc-1e">
         <name>.debug_info</name>
         <load_address>0xb6a</load_address>
         <run_address>0xb6a</run_address>
         <size>0x1515</size>
         <input_file_ref idref="fl-4"/>
      </object_component>
      <object_component id="oc-28">
         <name>.debug_info</name>
         <load_address>0x207f</load_address>
         <run_address>0x207f</run_address>
         <size>0xa4e</size>
         <input_file_ref idref="fl-a"/>
      </object_component>
      <object_component id="oc-2e">
         <name>.debug_info</name>
         <load_address>0x2acd</load_address>
         <run_address>0x2acd</run_address>
         <size>0xa20</size>
         <input_file_ref idref="fl-b"/>
      </object_component>
      <object_component id="oc-34">
         <name>.debug_info</name>
         <load_address>0x34ed</load_address>
         <run_address>0x34ed</run_address>
         <size>0xaa0</size>
         <input_file_ref idref="fl-c"/>
      </object_component>
      <object_component id="oc-3a">
         <name>.debug_info</name>
         <load_address>0x3f8d</load_address>
         <run_address>0x3f8d</run_address>
         <size>0x723</size>
         <input_file_ref idref="fl-d"/>
      </object_component>
      <object_component id="oc-3e">
         <name>.debug_info</name>
         <load_address>0x46b0</load_address>
         <run_address>0x46b0</run_address>
         <size>0x632</size>
         <input_file_ref idref="fl-e"/>
      </object_component>
      <object_component id="oc-43">
         <name>.debug_info</name>
         <load_address>0x4ce2</load_address>
         <run_address>0x4ce2</run_address>
         <size>0x787</size>
         <input_file_ref idref="fl-f"/>
      </object_component>
      <object_component id="oc-49">
         <name>.debug_info</name>
         <load_address>0x5469</load_address>
         <run_address>0x5469</run_address>
         <size>0xd61</size>
         <input_file_ref idref="fl-10"/>
      </object_component>
      <object_component id="oc-4e">
         <name>.debug_info</name>
         <load_address>0x61ca</load_address>
         <run_address>0x61ca</run_address>
         <size>0xec5</size>
         <input_file_ref idref="fl-11"/>
      </object_component>
      <object_component id="oc-50">
         <name>.debug_info</name>
         <load_address>0x708f</load_address>
         <run_address>0x708f</run_address>
         <size>0x709</size>
         <input_file_ref idref="fl-89"/>
      </object_component>
      <object_component id="oc-54">
         <name>.debug_info</name>
         <load_address>0x7798</load_address>
         <run_address>0x7798</run_address>
         <size>0x7f9</size>
         <input_file_ref idref="fl-8a"/>
      </object_component>
      <object_component id="oc-59">
         <name>.debug_info</name>
         <load_address>0x7f91</load_address>
         <run_address>0x7f91</run_address>
         <size>0x900</size>
         <input_file_ref idref="fl-8b"/>
      </object_component>
      <object_component id="oc-5c">
         <name>.debug_info</name>
         <load_address>0x8891</load_address>
         <run_address>0x8891</run_address>
         <size>0xd6</size>
         <input_file_ref idref="fl-8c"/>
      </object_component>
      <object_component id="oc-5f">
         <name>.debug_info</name>
         <load_address>0x8967</load_address>
         <run_address>0x8967</run_address>
         <size>0x64a</size>
         <input_file_ref idref="fl-8d"/>
      </object_component>
      <object_component id="oc-64">
         <name>.debug_info</name>
         <load_address>0x8fb1</load_address>
         <run_address>0x8fb1</run_address>
         <size>0x2b35</size>
         <input_file_ref idref="fl-8e"/>
      </object_component>
      <object_component id="oc-68">
         <name>.debug_info</name>
         <load_address>0xbae6</load_address>
         <run_address>0xbae6</run_address>
         <size>0x6df</size>
         <input_file_ref idref="fl-8f"/>
      </object_component>
      <object_component id="oc-6b">
         <name>.debug_info</name>
         <load_address>0xc1c5</load_address>
         <run_address>0xc1c5</run_address>
         <size>0x718</size>
         <input_file_ref idref="fl-90"/>
      </object_component>
      <object_component id="oc-6e">
         <name>.debug_info</name>
         <load_address>0xc8dd</load_address>
         <run_address>0xc8dd</run_address>
         <size>0x86b</size>
         <input_file_ref idref="fl-91"/>
      </object_component>
      <object_component id="oc-71">
         <name>.debug_info</name>
         <load_address>0xd148</load_address>
         <run_address>0xd148</run_address>
         <size>0x6e3</size>
         <input_file_ref idref="fl-92"/>
      </object_component>
      <object_component id="oc-74">
         <name>.debug_info</name>
         <load_address>0xd82b</load_address>
         <run_address>0xd82b</run_address>
         <size>0x7d9</size>
         <input_file_ref idref="fl-93"/>
      </object_component>
      <object_component id="oc-77">
         <name>.debug_info</name>
         <load_address>0xe004</load_address>
         <run_address>0xe004</run_address>
         <size>0x5f8</size>
         <input_file_ref idref="fl-94"/>
      </object_component>
      <object_component id="oc-79">
         <name>.debug_info</name>
         <load_address>0xe5fc</load_address>
         <run_address>0xe5fc</run_address>
         <size>0x6e5</size>
         <input_file_ref idref="fl-95"/>
      </object_component>
      <object_component id="oc-7d">
         <name>.debug_info</name>
         <load_address>0xece1</load_address>
         <run_address>0xece1</run_address>
         <size>0x980</size>
         <input_file_ref idref="fl-96"/>
      </object_component>
      <object_component id="oc-80">
         <name>.debug_info</name>
         <load_address>0xf661</load_address>
         <run_address>0xf661</run_address>
         <size>0xd0</size>
         <input_file_ref idref="fl-97"/>
      </object_component>
      <object_component id="oc-83">
         <name>.debug_info</name>
         <load_address>0xf731</load_address>
         <run_address>0xf731</run_address>
         <size>0x68f</size>
         <input_file_ref idref="fl-98"/>
      </object_component>
      <object_component id="oc-86">
         <name>.debug_info</name>
         <load_address>0xfdc0</load_address>
         <run_address>0xfdc0</run_address>
         <size>0x6a8</size>
         <input_file_ref idref="fl-99"/>
      </object_component>
      <object_component id="oc-89">
         <name>.debug_info</name>
         <load_address>0x10468</load_address>
         <run_address>0x10468</run_address>
         <size>0x828</size>
         <input_file_ref idref="fl-9a"/>
      </object_component>
      <object_component id="oc-8c">
         <name>.debug_info</name>
         <load_address>0x10c90</load_address>
         <run_address>0x10c90</run_address>
         <size>0xb77</size>
         <input_file_ref idref="fl-9b"/>
      </object_component>
      <object_component id="oc-90">
         <name>.debug_info</name>
         <load_address>0x11807</load_address>
         <run_address>0x11807</run_address>
         <size>0x6a2</size>
         <input_file_ref idref="fl-9c"/>
      </object_component>
      <object_component id="oc-93">
         <name>.debug_info</name>
         <load_address>0x11ea9</load_address>
         <run_address>0x11ea9</run_address>
         <size>0x7b7</size>
         <input_file_ref idref="fl-9d"/>
      </object_component>
      <object_component id="oc-96">
         <name>.debug_info</name>
         <load_address>0x12660</load_address>
         <run_address>0x12660</run_address>
         <size>0x7b2</size>
         <input_file_ref idref="fl-9e"/>
      </object_component>
      <object_component id="oc-99">
         <name>.debug_info</name>
         <load_address>0x12e12</load_address>
         <run_address>0x12e12</run_address>
         <size>0x814</size>
         <input_file_ref idref="fl-9f"/>
      </object_component>
      <object_component id="oc-9c">
         <name>.debug_info</name>
         <load_address>0x13626</load_address>
         <run_address>0x13626</run_address>
         <size>0x6ff</size>
         <input_file_ref idref="fl-a0"/>
      </object_component>
      <object_component id="oc-9f">
         <name>.debug_info</name>
         <load_address>0x13d25</load_address>
         <run_address>0x13d25</run_address>
         <size>0xf4d</size>
         <input_file_ref idref="fl-a1"/>
      </object_component>
      <object_component id="oc-a4">
         <name>.debug_info</name>
         <load_address>0x14c72</load_address>
         <run_address>0x14c72</run_address>
         <size>0x742</size>
         <input_file_ref idref="fl-a2"/>
      </object_component>
      <object_component id="oc-a7">
         <name>.debug_info</name>
         <load_address>0x153b4</load_address>
         <run_address>0x153b4</run_address>
         <size>0x6e6</size>
         <input_file_ref idref="fl-a3"/>
      </object_component>
      <object_component id="oc-aa">
         <name>.debug_info</name>
         <load_address>0x15a9a</load_address>
         <run_address>0x15a9a</run_address>
         <size>0x788</size>
         <input_file_ref idref="fl-a4"/>
      </object_component>
      <object_component id="oc-ad">
         <name>.debug_info</name>
         <load_address>0x16222</load_address>
         <run_address>0x16222</run_address>
         <size>0x72a</size>
         <input_file_ref idref="fl-a5"/>
      </object_component>
      <object_component id="oc-b0">
         <name>.debug_info</name>
         <load_address>0x1694c</load_address>
         <run_address>0x1694c</run_address>
         <size>0x6b5</size>
         <input_file_ref idref="fl-a6"/>
      </object_component>
      <object_component id="oc-b3">
         <name>.debug_info</name>
         <load_address>0x17001</load_address>
         <run_address>0x17001</run_address>
         <size>0x616</size>
         <input_file_ref idref="fl-a7"/>
      </object_component>
      <object_component id="oc-b6">
         <name>.debug_info</name>
         <load_address>0x17617</load_address>
         <run_address>0x17617</run_address>
         <size>0xee2</size>
         <input_file_ref idref="fl-a8"/>
      </object_component>
      <object_component id="oc-ba">
         <name>.debug_info</name>
         <load_address>0x184f9</load_address>
         <run_address>0x184f9</run_address>
         <size>0x8bf</size>
         <input_file_ref idref="fl-a9"/>
      </object_component>
      <object_component id="oc-be">
         <name>.debug_info</name>
         <load_address>0x18db8</load_address>
         <run_address>0x18db8</run_address>
         <size>0x758</size>
         <input_file_ref idref="fl-aa"/>
      </object_component>
      <object_component id="oc-c1">
         <name>.debug_info</name>
         <load_address>0x19510</load_address>
         <run_address>0x19510</run_address>
         <size>0x5ca</size>
         <input_file_ref idref="fl-ab"/>
      </object_component>
      <object_component id="oc-c4">
         <name>.debug_info</name>
         <load_address>0x19ada</load_address>
         <run_address>0x19ada</run_address>
         <size>0x77f</size>
         <input_file_ref idref="fl-ac"/>
      </object_component>
      <object_component id="oc-c7">
         <name>.debug_info</name>
         <load_address>0x1a259</load_address>
         <run_address>0x1a259</run_address>
         <size>0x7b7</size>
         <input_file_ref idref="fl-ad"/>
      </object_component>
      <object_component id="oc-ca">
         <name>.debug_info</name>
         <load_address>0x1aa10</load_address>
         <run_address>0x1aa10</run_address>
         <size>0x80a</size>
         <input_file_ref idref="fl-ae"/>
      </object_component>
      <object_component id="oc-cd">
         <name>.debug_info</name>
         <load_address>0x1b21a</load_address>
         <run_address>0x1b21a</run_address>
         <size>0x87f</size>
         <input_file_ref idref="fl-af"/>
      </object_component>
      <object_component id="oc-d2">
         <name>.debug_info</name>
         <load_address>0x1ba99</load_address>
         <run_address>0x1ba99</run_address>
         <size>0xb2e</size>
         <input_file_ref idref="fl-b0"/>
      </object_component>
      <object_component id="oc-d8">
         <name>.debug_info</name>
         <load_address>0x1c5c7</load_address>
         <run_address>0x1c5c7</run_address>
         <size>0x804</size>
         <input_file_ref idref="fl-b1"/>
      </object_component>
      <object_component id="oc-db">
         <name>.debug_info</name>
         <load_address>0x1cdcb</load_address>
         <run_address>0x1cdcb</run_address>
         <size>0x662</size>
         <input_file_ref idref="fl-b2"/>
      </object_component>
      <object_component id="oc-157">
         <name>.debug_info</name>
         <load_address>0x1d42d</load_address>
         <run_address>0x1d42d</run_address>
         <size>0x6d</size>
      </object_component>
      <object_component id="oc-12">
         <name>.debug_line</name>
         <load_address>0x0</load_address>
         <run_address>0x0</run_address>
         <size>0xcd</size>
         <input_file_ref idref="fl-2"/>
      </object_component>
      <object_component id="oc-1b">
         <name>.debug_line</name>
         <load_address>0xcd</load_address>
         <run_address>0xcd</run_address>
         <size>0x77</size>
         <input_file_ref idref="fl-3"/>
      </object_component>
      <object_component id="oc-22">
         <name>.debug_line</name>
         <load_address>0x144</load_address>
         <run_address>0x144</run_address>
         <size>0x160</size>
         <input_file_ref idref="fl-4"/>
      </object_component>
      <object_component id="oc-29">
         <name>.debug_line</name>
         <load_address>0x2a4</load_address>
         <run_address>0x2a4</run_address>
         <size>0xb2</size>
         <input_file_ref idref="fl-a"/>
      </object_component>
      <object_component id="oc-2f">
         <name>.debug_line</name>
         <load_address>0x356</load_address>
         <run_address>0x356</run_address>
         <size>0x4f</size>
         <input_file_ref idref="fl-b"/>
      </object_component>
      <object_component id="oc-35">
         <name>.debug_line</name>
         <load_address>0x3a5</load_address>
         <run_address>0x3a5</run_address>
         <size>0x7e</size>
         <input_file_ref idref="fl-c"/>
      </object_component>
      <object_component id="oc-3b">
         <name>.debug_line</name>
         <load_address>0x423</load_address>
         <run_address>0x423</run_address>
         <size>0x50</size>
         <input_file_ref idref="fl-d"/>
      </object_component>
      <object_component id="oc-3f">
         <name>.debug_line</name>
         <load_address>0x473</load_address>
         <run_address>0x473</run_address>
         <size>0x53</size>
         <input_file_ref idref="fl-e"/>
      </object_component>
      <object_component id="oc-44">
         <name>.debug_line</name>
         <load_address>0x4c6</load_address>
         <run_address>0x4c6</run_address>
         <size>0x77</size>
         <input_file_ref idref="fl-f"/>
      </object_component>
      <object_component id="oc-4a">
         <name>.debug_line</name>
         <load_address>0x53d</load_address>
         <run_address>0x53d</run_address>
         <size>0x120</size>
         <input_file_ref idref="fl-10"/>
      </object_component>
      <object_component id="oc-4f">
         <name>.debug_line</name>
         <load_address>0x65d</load_address>
         <run_address>0x65d</run_address>
         <size>0x141</size>
         <input_file_ref idref="fl-11"/>
      </object_component>
      <object_component id="oc-52">
         <name>.debug_line</name>
         <load_address>0x79e</load_address>
         <run_address>0x79e</run_address>
         <size>0x3d</size>
         <input_file_ref idref="fl-89"/>
      </object_component>
      <object_component id="oc-57">
         <name>.debug_line</name>
         <load_address>0x7db</load_address>
         <run_address>0x7db</run_address>
         <size>0x4f</size>
         <input_file_ref idref="fl-8a"/>
      </object_component>
      <object_component id="oc-5a">
         <name>.debug_line</name>
         <load_address>0x82a</load_address>
         <run_address>0x82a</run_address>
         <size>0x6a</size>
         <input_file_ref idref="fl-8b"/>
      </object_component>
      <object_component id="oc-5d">
         <name>.debug_line</name>
         <load_address>0x894</load_address>
         <run_address>0x894</run_address>
         <size>0x48</size>
         <input_file_ref idref="fl-8c"/>
      </object_component>
      <object_component id="oc-62">
         <name>.debug_line</name>
         <load_address>0x8dc</load_address>
         <run_address>0x8dc</run_address>
         <size>0x36</size>
         <input_file_ref idref="fl-8d"/>
      </object_component>
      <object_component id="oc-66">
         <name>.debug_line</name>
         <load_address>0x912</load_address>
         <run_address>0x912</run_address>
         <size>0x341</size>
         <input_file_ref idref="fl-8e"/>
      </object_component>
      <object_component id="oc-69">
         <name>.debug_line</name>
         <load_address>0xc53</load_address>
         <run_address>0xc53</run_address>
         <size>0x41</size>
         <input_file_ref idref="fl-8f"/>
      </object_component>
      <object_component id="oc-6c">
         <name>.debug_line</name>
         <load_address>0xc94</load_address>
         <run_address>0xc94</run_address>
         <size>0x41</size>
         <input_file_ref idref="fl-90"/>
      </object_component>
      <object_component id="oc-6f">
         <name>.debug_line</name>
         <load_address>0xcd5</load_address>
         <run_address>0xcd5</run_address>
         <size>0x47</size>
         <input_file_ref idref="fl-91"/>
      </object_component>
      <object_component id="oc-72">
         <name>.debug_line</name>
         <load_address>0xd1c</load_address>
         <run_address>0xd1c</run_address>
         <size>0x45</size>
         <input_file_ref idref="fl-92"/>
      </object_component>
      <object_component id="oc-75">
         <name>.debug_line</name>
         <load_address>0xd61</load_address>
         <run_address>0xd61</run_address>
         <size>0x44</size>
         <input_file_ref idref="fl-93"/>
      </object_component>
      <object_component id="oc-7e">
         <name>.debug_line</name>
         <load_address>0xda5</load_address>
         <run_address>0xda5</run_address>
         <size>0x3c</size>
         <input_file_ref idref="fl-96"/>
      </object_component>
      <object_component id="oc-81">
         <name>.debug_line</name>
         <load_address>0xde1</load_address>
         <run_address>0xde1</run_address>
         <size>0x44</size>
         <input_file_ref idref="fl-97"/>
      </object_component>
      <object_component id="oc-84">
         <name>.debug_line</name>
         <load_address>0xe25</load_address>
         <run_address>0xe25</run_address>
         <size>0x3d</size>
         <input_file_ref idref="fl-98"/>
      </object_component>
      <object_component id="oc-87">
         <name>.debug_line</name>
         <load_address>0xe62</load_address>
         <run_address>0xe62</run_address>
         <size>0x3d</size>
         <input_file_ref idref="fl-99"/>
      </object_component>
      <object_component id="oc-8a">
         <name>.debug_line</name>
         <load_address>0xe9f</load_address>
         <run_address>0xe9f</run_address>
         <size>0x3f</size>
         <input_file_ref idref="fl-9a"/>
      </object_component>
      <object_component id="oc-8e">
         <name>.debug_line</name>
         <load_address>0xede</load_address>
         <run_address>0xede</run_address>
         <size>0xa8</size>
         <input_file_ref idref="fl-9b"/>
      </object_component>
      <object_component id="oc-91">
         <name>.debug_line</name>
         <load_address>0xf86</load_address>
         <run_address>0xf86</run_address>
         <size>0x3e</size>
         <input_file_ref idref="fl-9c"/>
      </object_component>
      <object_component id="oc-94">
         <name>.debug_line</name>
         <load_address>0xfc4</load_address>
         <run_address>0xfc4</run_address>
         <size>0x73</size>
         <input_file_ref idref="fl-9d"/>
      </object_component>
      <object_component id="oc-97">
         <name>.debug_line</name>
         <load_address>0x1037</load_address>
         <run_address>0x1037</run_address>
         <size>0x5f</size>
         <input_file_ref idref="fl-9e"/>
      </object_component>
      <object_component id="oc-9a">
         <name>.debug_line</name>
         <load_address>0x1096</load_address>
         <run_address>0x1096</run_address>
         <size>0x38</size>
         <input_file_ref idref="fl-9f"/>
      </object_component>
      <object_component id="oc-9d">
         <name>.debug_line</name>
         <load_address>0x10ce</load_address>
         <run_address>0x10ce</run_address>
         <size>0x56</size>
         <input_file_ref idref="fl-a0"/>
      </object_component>
      <object_component id="oc-a2">
         <name>.debug_line</name>
         <load_address>0x1124</load_address>
         <run_address>0x1124</run_address>
         <size>0x10b</size>
         <input_file_ref idref="fl-a1"/>
      </object_component>
      <object_component id="oc-a5">
         <name>.debug_line</name>
         <load_address>0x122f</load_address>
         <run_address>0x122f</run_address>
         <size>0x40</size>
         <input_file_ref idref="fl-a2"/>
      </object_component>
      <object_component id="oc-a8">
         <name>.debug_line</name>
         <load_address>0x126f</load_address>
         <run_address>0x126f</run_address>
         <size>0x3f</size>
         <input_file_ref idref="fl-a3"/>
      </object_component>
      <object_component id="oc-ab">
         <name>.debug_line</name>
         <load_address>0x12ae</load_address>
         <run_address>0x12ae</run_address>
         <size>0x4e</size>
         <input_file_ref idref="fl-a4"/>
      </object_component>
      <object_component id="oc-ae">
         <name>.debug_line</name>
         <load_address>0x12fc</load_address>
         <run_address>0x12fc</run_address>
         <size>0x47</size>
         <input_file_ref idref="fl-a5"/>
      </object_component>
      <object_component id="oc-b1">
         <name>.debug_line</name>
         <load_address>0x1343</load_address>
         <run_address>0x1343</run_address>
         <size>0x3d</size>
         <input_file_ref idref="fl-a6"/>
      </object_component>
      <object_component id="oc-b4">
         <name>.debug_line</name>
         <load_address>0x1380</load_address>
         <run_address>0x1380</run_address>
         <size>0x37</size>
         <input_file_ref idref="fl-a7"/>
      </object_component>
      <object_component id="oc-b8">
         <name>.debug_line</name>
         <load_address>0x13b7</load_address>
         <run_address>0x13b7</run_address>
         <size>0x138</size>
         <input_file_ref idref="fl-a8"/>
      </object_component>
      <object_component id="oc-bc">
         <name>.debug_line</name>
         <load_address>0x14ef</load_address>
         <run_address>0x14ef</run_address>
         <size>0x64</size>
         <input_file_ref idref="fl-a9"/>
      </object_component>
      <object_component id="oc-bf">
         <name>.debug_line</name>
         <load_address>0x1553</load_address>
         <run_address>0x1553</run_address>
         <size>0x40</size>
         <input_file_ref idref="fl-aa"/>
      </object_component>
      <object_component id="oc-c2">
         <name>.debug_line</name>
         <load_address>0x1593</load_address>
         <run_address>0x1593</run_address>
         <size>0x23</size>
         <input_file_ref idref="fl-ab"/>
      </object_component>
      <object_component id="oc-c5">
         <name>.debug_line</name>
         <load_address>0x15b6</load_address>
         <run_address>0x15b6</run_address>
         <size>0x3e</size>
         <input_file_ref idref="fl-ac"/>
      </object_component>
      <object_component id="oc-c8">
         <name>.debug_line</name>
         <load_address>0x15f4</load_address>
         <run_address>0x15f4</run_address>
         <size>0x3c</size>
         <input_file_ref idref="fl-ad"/>
      </object_component>
      <object_component id="oc-cb">
         <name>.debug_line</name>
         <load_address>0x1630</load_address>
         <run_address>0x1630</run_address>
         <size>0x40</size>
         <input_file_ref idref="fl-ae"/>
      </object_component>
      <object_component id="oc-d0">
         <name>.debug_line</name>
         <load_address>0x1670</load_address>
         <run_address>0x1670</run_address>
         <size>0x42</size>
         <input_file_ref idref="fl-af"/>
      </object_component>
      <object_component id="oc-d6">
         <name>.debug_line</name>
         <load_address>0x16b2</load_address>
         <run_address>0x16b2</run_address>
         <size>0xa7</size>
         <input_file_ref idref="fl-b0"/>
      </object_component>
      <object_component id="oc-d9">
         <name>.debug_line</name>
         <load_address>0x1759</load_address>
         <run_address>0x1759</run_address>
         <size>0x3e</size>
         <input_file_ref idref="fl-b1"/>
      </object_component>
      <object_component id="oc-dc">
         <name>.debug_line</name>
         <load_address>0x1797</load_address>
         <run_address>0x1797</run_address>
         <size>0x39</size>
         <input_file_ref idref="fl-b2"/>
      </object_component>
      <object_component id="oc-13">
         <name>.debug_abbrev</name>
         <load_address>0x0</load_address>
         <run_address>0x0</run_address>
         <size>0x20</size>
         <input_file_ref idref="fl-2"/>
      </object_component>
      <object_component id="oc-1c">
         <name>.debug_abbrev</name>
         <load_address>0x20</load_address>
         <run_address>0x20</run_address>
         <size>0x158</size>
         <input_file_ref idref="fl-3"/>
      </object_component>
      <object_component id="oc-23">
         <name>.debug_abbrev</name>
         <load_address>0x178</load_address>
         <run_address>0x178</run_address>
         <size>0x195</size>
         <input_file_ref idref="fl-4"/>
      </object_component>
      <object_component id="oc-27">
         <name>.debug_abbrev</name>
         <load_address>0x30d</load_address>
         <run_address>0x30d</run_address>
         <size>0x19a</size>
         <input_file_ref idref="fl-a"/>
      </object_component>
      <object_component id="oc-2d">
         <name>.debug_abbrev</name>
         <load_address>0x4a7</load_address>
         <run_address>0x4a7</run_address>
         <size>0x12a</size>
         <input_file_ref idref="fl-b"/>
      </object_component>
      <object_component id="oc-33">
         <name>.debug_abbrev</name>
         <load_address>0x5d1</load_address>
         <run_address>0x5d1</run_address>
         <size>0x152</size>
         <input_file_ref idref="fl-c"/>
      </object_component>
      <object_component id="oc-39">
         <name>.debug_abbrev</name>
         <load_address>0x723</load_address>
         <run_address>0x723</run_address>
         <size>0xf5</size>
         <input_file_ref idref="fl-d"/>
      </object_component>
      <object_component id="oc-3d">
         <name>.debug_abbrev</name>
         <load_address>0x818</load_address>
         <run_address>0x818</run_address>
         <size>0xd3</size>
         <input_file_ref idref="fl-e"/>
      </object_component>
      <object_component id="oc-42">
         <name>.debug_abbrev</name>
         <load_address>0x8eb</load_address>
         <run_address>0x8eb</run_address>
         <size>0xde</size>
         <input_file_ref idref="fl-f"/>
      </object_component>
      <object_component id="oc-48">
         <name>.debug_abbrev</name>
         <load_address>0x9c9</load_address>
         <run_address>0x9c9</run_address>
         <size>0x1b7</size>
         <input_file_ref idref="fl-10"/>
      </object_component>
      <object_component id="oc-4d">
         <name>.debug_abbrev</name>
         <load_address>0xb80</load_address>
         <run_address>0xb80</run_address>
         <size>0x1a3</size>
         <input_file_ref idref="fl-11"/>
      </object_component>
      <object_component id="oc-53">
         <name>.debug_abbrev</name>
         <load_address>0xd23</load_address>
         <run_address>0xd23</run_address>
         <size>0xfe</size>
         <input_file_ref idref="fl-89"/>
      </object_component>
      <object_component id="oc-58">
         <name>.debug_abbrev</name>
         <load_address>0xe21</load_address>
         <run_address>0xe21</run_address>
         <size>0x119</size>
         <input_file_ref idref="fl-8a"/>
      </object_component>
      <object_component id="oc-5b">
         <name>.debug_abbrev</name>
         <load_address>0xf3a</load_address>
         <run_address>0xf3a</run_address>
         <size>0x161</size>
         <input_file_ref idref="fl-8b"/>
      </object_component>
      <object_component id="oc-5e">
         <name>.debug_abbrev</name>
         <load_address>0x109b</load_address>
         <run_address>0x109b</run_address>
         <size>0x3a</size>
         <input_file_ref idref="fl-8c"/>
      </object_component>
      <object_component id="oc-63">
         <name>.debug_abbrev</name>
         <load_address>0x10d5</load_address>
         <run_address>0x10d5</run_address>
         <size>0x9f</size>
         <input_file_ref idref="fl-8d"/>
      </object_component>
      <object_component id="oc-67">
         <name>.debug_abbrev</name>
         <load_address>0x1174</load_address>
         <run_address>0x1174</run_address>
         <size>0x1d1</size>
         <input_file_ref idref="fl-8e"/>
      </object_component>
      <object_component id="oc-6a">
         <name>.debug_abbrev</name>
         <load_address>0x1345</load_address>
         <run_address>0x1345</run_address>
[...]
         <object_component_ref idref="oc-14"/>
      </symbol>
      <symbol id="sm-85">
         <name>_sine_table</name>
         <value>0xa5c0</value>
         <object_component_ref idref="oc-17"/>
      </symbol>
      <symbol id="sm-d1">
         <name>_comm_poll</name>
         <value>0x1098</value>
         <object_component_ref idref="oc-e1"/>
      </symbol>
      <symbol id="sm-d2">
         <name>_output_left_sample</name>
         <value>0x12d8</value>
         <object_component_ref idref="oc-e1"/>
      </symbol>
      <symbol id="sm-d3">
         <name>_comm_intr</name>
         <value>0x10c4</value>
         <object_component_ref idref="oc-e1"/>
      </symbol>
      <symbol id="sm-d4">
         <name>_input_left_sample</name>
         <value>0x1544</value>
         <object_component_ref idref="oc-e1"/>
      </symbol>
      <symbol id="sm-d5">
         <name>_output_sample</name>
         <value>0x11e4</value>
         <object_component_ref idref="oc-e1"/>
      </symbol>
      <symbol id="sm-d6">
         <name>_c6713_dsk_init</name>
         <value>0x1000</value>
         <object_component_ref idref="oc-e1"/>
      </symbol>
      <symbol id="sm-d7">
         <name>_config</name>
         <value>0xa518</value>
         <object_component_ref idref="oc-20"/>
      </symbol>
      <symbol id="sm-d8">
         <name>_input_right_sample</name>
         <value>0x15ec</value>
         <object_component_ref idref="oc-e1"/>
      </symbol>
      <symbol id="sm-d9">
         <name>_AIC_data</name>
         <value>0xa4f4</value>
         <object_component_ref idref="oc-20"/>
      </symbol>
      <symbol id="sm-da">
         <name>_hAIC23_handle</name>
         <value>0xb4ac</value>
         <object_component_ref idref="oc-1d"/>
      </symbol>
      <symbol id="sm-db">
         <name>_AIC23CfgData</name>
         <value>0xa4f8</value>
         <object_component_ref idref="oc-20"/>
      </symbol>
      <symbol id="sm-dc">
         <name>_input_sample</name>
         <value>0x1458</value>
         <object_component_ref idref="oc-e1"/>
      </symbol>
      <symbol id="sm-dd">
         <name>_output_right_sample</name>
         <value>0x1398</value>
         <object_component_ref idref="oc-e1"/>
      </symbol>
      <symbol id="sm-eb">
         <name>_DSK6713_init</name>
         <value>0x274c</value>
         <object_component_ref idref="oc-24"/>
      </symbol>
      <symbol id="sm-ec">
         <name>_DSK6713_version</name>
         <value>0xa604</value>
         <object_component_ref idref="oc-25"/>
      </symbol>
      <symbol id="sm-ed">
         <name>_DSK6713_rget</name>
         <value>0x2a68</value>
         <object_component_ref idref="oc-24"/>
      </symbol>
      <symbol id="sm-ee">
         <name>_DSK6713_wait</name>
         <value>0x2a90</value>
         <object_component_ref idref="oc-24"/>
      </symbol>
      <symbol id="sm-ef">
         <name>_DSK6713_rset</name>
         <value>0x2a7c</value>
         <object_component_ref idref="oc-24"/>
      </symbol>
      <symbol id="sm-f0">
         <name>_DSK6713_waitusec</name>
         <value>0x2ae8</value>
         <object_component_ref idref="oc-24"/>
      </symbol>
      <symbol id="sm-f1">
         <name>_DSK6713_getVersion</name>
         <value>0x2b14</value>
         <object_component_ref idref="oc-24"/>
      </symbol>
      <symbol id="sm-ff">
         <name>_DSK6713_AIC23_codeccontrolhandle</name>
         <value>0xa5e0</value>
         <object_component_ref idref="oc-2b"/>
      </symbol>
      <symbol id="sm-100">
         <name>_DSK6713_AIC23_codecdatahandle</name>
         <value>0xa5e4</value>
         <object_component_ref idref="oc-2b"/>
      </symbol>
      <symbol id="sm-101">
         <name>_DSK6713_AIC23_openCodec</name>
         <value>0x4560</value>
         <object_component_ref idref="oc-2a"/>
      </symbol>
      <symbol id="sm-10f">
         <name>_DSK6713_AIC23_config</name>
         <value>0x70e0</value>
         <object_component_ref idref="oc-30"/>
      </symbol>
      <symbol id="sm-110">
         <name>_DSK6713_AIC23_rget</name>
         <value>0x70bc</value>
         <object_component_ref idref="oc-30"/>
      </symbol>
      <symbol id="sm-111">
         <name>_DSK6713_AIC23_rset</name>
         <value>0x7020</value>
         <object_component_ref idref="oc-30"/>
      </symbol>
      <symbol id="sm-11f">
         <name>_DSK6713_AIC23_setFreq</name>
         <value>0x92c0</value>
         <object_component_ref idref="oc-36"/>
      </symbol>
      <symbol id="sm-129">
         <name>_DSK6713_DIP_init</name>
         <value>0x9b00</value>
         <object_component_ref idref="oc-3c"/>
      </symbol>
      <symbol id="sm-12a">
         <name>_DSK6713_DIP_get</name>
         <value>0x9b08</value>
         <object_component_ref idref="oc-3c"/>
      </symbol>
      <symbol id="sm-136">
         <name>_DSK6713_LED_init</name>
         <value>0x6bc0</value>
         <object_component_ref idref="oc-40"/>
      </symbol>
      <symbol id="sm-137">
         <name>_DSK6713_LED_on</name>
         <value>0x6c44</value>
         <object_component_ref idref="oc-40"/>
      </symbol>
      <symbol id="sm-138">
         <name>_DSK6713_LED_toggle</name>
         <value>0x6ca0</value>
         <object_component_ref idref="oc-40"/>
      </symbol>
      <symbol id="sm-139">
         <name>_DSK6713_LED_off</name>
         <value>0x6be8</value>
         <object_component_ref idref="oc-40"/>
      </symbol>
      <symbol id="sm-157">
         <name>_IRQ_setVecs</name>
         <value>0x9e20</value>
         <object_component_ref idref="oc-f5"/>
      </symbol>
      <symbol id="sm-158">
         <name>__IRQ_eventTable</name>
         <value>0xa428</value>
         <object_component_ref idref="oc-47"/>
      </symbol>
      <symbol id="sm-159">
         <name>_IRQ_nmiEnable</name>
         <value>0x9e00</value>
         <object_component_ref idref="oc-f9"/>
      </symbol>
      <symbol id="sm-15a">
         <name>_IRQ_reset</name>
         <value>0x9ce0</value>
         <object_component_ref idref="oc-f7"/>
      </symbol>
      <symbol id="sm-15b">
         <name>__IRQ_intTable</name>
         <value>0xa4ac</value>
         <object_component_ref idref="oc-47"/>
      </symbol>
      <symbol id="sm-15c">
         <name>_IRQ_globalEnable</name>
         <value>0x9de0</value>
         <object_component_ref idref="oc-f8"/>
      </symbol>
      <symbol id="sm-15d">
         <name>_IRQ_globalDisable</name>
         <value>0x9dc0</value>
         <object_component_ref idref="oc-f3"/>
      </symbol>
      <symbol id="sm-15e">
         <name>_IRQ_map</name>
         <value>0x6360</value>
         <object_component_ref idref="oc-f6"/>
      </symbol>
      <symbol id="sm-15f">
         <name>_IRQ_enable</name>
         <value>0x9ca0</value>
         <object_component_ref idref="oc-fa"/>
      </symbol>
      <symbol id="sm-160">
         <name>__IRQ_dispatchTable</name>
         <value>0xa4ec</value>
         <object_component_ref idref="oc-47"/>
      </symbol>
      <symbol id="sm-161">
         <name>__IRQ_hookFetchPacket</name>
         <value>0x9fa0</value>
         <object_component_ref idref="oc-45"/>
      </symbol>
      <symbol id="sm-17f">
         <name>_MCBSP_reset</name>
         <value>0x66e0</value>
         <object_component_ref idref="oc-ff"/>
      </symbol>
      <symbol id="sm-180">
         <name>_MCBSP_read</name>
         <value>0x9e60</value>
         <object_component_ref idref="oc-fe"/>
      </symbol>
      <symbol id="sm-181">
         <name>_MCBSP_getXmtEventId</name>
         <value>0x9e40</value>
         <object_component_ref idref="oc-f4"/>
      </symbol>
      <symbol id="sm-182">
         <name>_MCBSP_open</name>
         <value>0x8080</value>
         <object_component_ref idref="oc-e3"/>
      </symbol>
      <symbol id="sm-183">
         <name>__MCBSP_hDev0</name>
         <value>0xa570</value>
         <object_component_ref idref="oc-4c"/>
      </symbol>
      <symbol id="sm-184">
         <name>__MCBSP_hDev1</name>
         <value>0xa574</value>
         <object_component_ref idref="oc-4c"/>
      </symbol>
      <symbol id="sm-185">
         <name>_MCBSP_start</name>
         <value>0x8180</value>
         <object_component_ref idref="oc-e4"/>
      </symbol>
      <symbol id="sm-186">
         <name>_MCBSP_rrdy</name>
         <value>0x9e80</value>
         <object_component_ref idref="oc-fd"/>
      </symbol>
      <symbol id="sm-187">
         <name>_MCBSP_config</name>
         <value>0x9380</value>
         <object_component_ref idref="oc-f2"/>
      </symbol>
      <symbol id="sm-188">
         <name>_MCBSP_xrdy</name>
         <value>0x9ec0</value>
         <object_component_ref idref="oc-fb"/>
      </symbol>
      <symbol id="sm-189">
         <name>_MCBSP_write</name>
         <value>0x9ea0</value>
         <object_component_ref idref="oc-fc"/>
      </symbol>
      <symbol id="sm-195">
         <name>_c_int00</name>
         <value>0x9a00</value>
         <object_component_ref idref="oc-e"/>
      </symbol>
      <symbol id="sm-196">
         <name>__stack</name>
         <value>0xa608</value>
         <object_component_ref idref="oc-51"/>
      </symbol>
      <symbol id="sm-1a6">
         <name>C$$EXIT</name>
         <value>0x9f60</value>
         <object_component_ref idref="oc-f1"/>
      </symbol>
      <symbol id="sm-1a7">
         <name>_exit</name>
         <value>0x8de0</value>
         <object_component_ref idref="oc-e0"/>
      </symbol>
      <symbol id="sm-1a8">
         <name>___TI_enable_exit_profile_output</name>
         <value>0xa5dc</value>
         <object_component_ref idref="oc-56"/>
      </symbol>
      <symbol id="sm-1a9">
         <name>_abort</name>
         <value>0x9f60</value>
         <object_component_ref idref="oc-f1"/>
      </symbol>
      <symbol id="sm-1aa">
         <name>__cleanup_ptr</name>
         <value>0xa5d4</value>
         <object_component_ref idref="oc-56"/>
      </symbol>
      <symbol id="sm-1ab">
         <name>__dtors_ptr</name>
         <value>0xa5d8</value>
         <object_component_ref idref="oc-56"/>
      </symbol>
      <symbol id="sm-1b9">
         <name>_printf</name>
         <value>0x8780</value>
         <object_component_ref idref="oc-102"/>
      </symbol>
      <symbol id="sm-1c1">
         <name>__strasg</name>
         <value>0x8d00</value>
         <object_component_ref idref="oc-e2"/>
      </symbol>
      <symbol id="sm-1cf">
         <name>__unlock</name>
         <value>0xa5ec</value>
         <object_component_ref idref="oc-61"/>
      </symbol>
      <symbol id="sm-1d0">
         <name>__lock</name>
         <value>0xa5e8</value>
         <object_component_ref idref="oc-61"/>
      </symbol>
      <symbol id="sm-1d1">
         <name>__nop</name>
         <value>0x9f00</value>
         <object_component_ref idref="oc-e5"/>
      </symbol>
      <symbol id="sm-201">
         <name>__printfi</name>
         <value>0x1ce0</value>
         <object_component_ref idref="oc-106"/>
      </symbol>
      <symbol id="sm-20b">
         <name>__args_main</name>
         <value>0x9d60</value>
         <object_component_ref idref="oc-df"/>
      </symbol>
      <symbol id="sm-20c">
         <name>__TI_args_main</name>
         <value>0x1</value>
      </symbol>
      <symbol id="sm-216">
         <name>_atoi</name>
         <value>0x7540</value>
         <object_component_ref idref="oc-111"/>
      </symbol>
      <symbol id="sm-220">
         <name>__auto_init</name>
         <value>0x8280</value>
         <object_component_ref idref="oc-de"/>
      </symbol>
      <symbol id="sm-22a">
         <name>___TI_cpp_init</name>
         <value>0x9880</value>
         <object_component_ref idref="oc-ef"/>
      </symbol>
      <symbol id="sm-234">
         <name>_copy_in</name>
         <value>0x9140</value>
         <object_component_ref idref="oc-ed"/>
      </symbol>
      <symbol id="sm-23c">
         <name>__ctypes_</name>
         <value>0xb1dc</value>
         <object_component_ref idref="oc-117"/>
      </symbol>
      <symbol id="sm-246">
         <name>__tmpnams</name>
         <value>0xa1a0</value>
         <object_component_ref idref="oc-7b"/>
      </symbol>
      <symbol id="sm-247">
         <name>__ft_end</name>
         <value>0xa2e0</value>
         <object_component_ref idref="oc-7b"/>
      </symbol>
      <symbol id="sm-248">
         <name>__ftable</name>
         <value>0x9fc0</value>
         <object_component_ref idref="oc-7b"/>
      </symbol>
      <symbol id="sm-252">
         <name>__divd</name>
         <value>0x220</value>
         <object_component_ref idref="oc-129"/>
      </symbol>
      <symbol id="sm-25a">
         <name>__c6xabi_divu</name>
         <value>0x9080</value>
         <object_component_ref idref="oc-134"/>
      </symbol>
      <symbol id="sm-25b">
         <name>__divu</name>
         <value>0x9080</value>
         <object_component_ref idref="oc-134"/>
      </symbol>
      <symbol id="sm-265">
         <name>__fixdli</name>
         <value>0x9420</value>
         <object_component_ref idref="oc-12f"/>
      </symbol>
      <symbol id="sm-26f">
         <name>__fltlid</name>
         <value>0x9900</value>
         <object_component_ref idref="oc-131"/>
      </symbol>
      <symbol id="sm-279">
         <name>_putc</name>
         <value>0x5100</value>
         <object_component_ref idref="oc-108"/>
      </symbol>
      <symbol id="sm-27a">
         <name>_fputc</name>
         <value>0x5100</value>
         <object_component_ref idref="oc-108"/>
      </symbol>
      <symbol id="sm-286">
         <name>_fputs</name>
         <value>0x2240</value>
         <object_component_ref idref="oc-107"/>
      </symbol>
      <symbol id="sm-290">
         <name>__frcmpyd_div</name>
         <value>0x7400</value>
         <object_component_ref idref="oc-133"/>
      </symbol>
      <symbol id="sm-29e">
         <name>__divul</name>
         <value>0x5640</value>
         <object_component_ref idref="oc-135"/>
      </symbol>
      <symbol id="sm-29f">
         <name>__remli</name>
         <value>0x9560</value>
         <object_component_ref idref="oc-139"/>
      </symbol>
      <symbol id="sm-2a0">
         <name>__divli</name>
         <value>0x8480</value>
         <object_component_ref idref="oc-13a"/>
      </symbol>
      <symbol id="sm-2ac">
         <name>__subcull</name>
         <value>0x9c40</value>
         <object_component_ref idref="oc-13c"/>
      </symbol>
      <symbol id="sm-2ad">
         <name>__divull</name>
         <value>0x37a0</value>
         <object_component_ref idref="oc-136"/>
      </symbol>
      <symbol id="sm-2b7">
         <name>___isinf</name>
         <value>0x9b80</value>
         <object_component_ref idref="oc-119"/>
      </symbol>
      <symbol id="sm-2c3">
         <name>__llshl</name>
         <value>0x9980</value>
         <object_component_ref idref="oc-13b"/>
      </symbol>
      <symbol id="sm-2c4">
         <name>__llshru</name>
         <value>0x9be0</value>
         <object_component_ref idref="oc-132"/>
      </symbol>
      <symbol id="sm-2dc">
         <name>_unlink</name>
         <value>0x9740</value>
         <object_component_ref idref="oc-13d"/>
      </symbol>
      <symbol id="sm-2dd">
         <name>_lseek</name>
         <value>0x8680</value>
         <object_component_ref idref="oc-120"/>
      </symbol>
      <symbol id="sm-2de">
         <name>_close</name>
         <value>0x7b20</value>
         <object_component_ref idref="oc-137"/>
      </symbol>
      <symbol id="sm-2df">
         <name>_write</name>
         <value>0x8880</value>
         <object_component_ref idref="oc-10f"/>
      </symbol>
      <symbol id="sm-2e9">
         <name>_ltoa</name>
         <value>0x7c40</value>
         <object_component_ref idref="oc-130"/>
      </symbol>
      <symbol id="sm-2f3">
         <name>_memccpy</name>
         <value>0x9a80</value>
         <object_component_ref idref="oc-114"/>
      </symbol>
      <symbol id="sm-2fd">
         <name>_memcpy</name>
         <value>0x5d20</value>
         <object_component_ref idref="oc-ee"/>
      </symbol>
      <symbol id="sm-307">
         <name>_memset</name>
         <value>0x7d60</value>
         <object_component_ref idref="oc-110"/>
      </symbol>
      <symbol id="sm-311">
         <name>__mpyll</name>
         <value>0x94c0</value>
         <object_component_ref idref="oc-12b"/>
      </symbol>
      <symbol id="sm-31b">
         <name>__negll</name>
         <value>0x9ee0</value>
         <object_component_ref idref="oc-11e"/>
      </symbol>
      <symbol id="sm-333">
         <name>_HOSTopen</name>
         <value>0x77c0</value>
         <object_component_ref idref="oc-e6"/>
      </symbol>
      <symbol id="sm-334">
         <name>_HOSTread</name>
         <value>0x72c0</value>
         <object_component_ref idref="oc-e8"/>
      </symbol>
      <symbol id="sm-335">
         <name>_HOSTrename</name>
         <value>0x5f60</value>
         <object_component_ref idref="oc-ec"/>
      </symbol>
      <symbol id="sm-336">
         <name>_HOSTwrite</name>
         <value>0x78e0</value>
         <object_component_ref idref="oc-e9"/>
      </symbol>
      <symbol id="sm-337">
         <name>_HOSTlseek</name>
         <value>0x6d60</value>
         <object_component_ref idref="oc-ea"/>
      </symbol>
      <symbol id="sm-338">
         <name>_HOSTunlink</name>
         <value>0x7f80</value>
         <object_component_ref idref="oc-eb"/>
      </symbol>
      <symbol id="sm-339">
         <name>_HOSTclose</name>
         <value>0x7e80</value>
         <object_component_ref idref="oc-e7"/>
      </symbol>
      <symbol id="sm-347">
         <name>C$$IO$$</name>
         <value>0x9858</value>
         <object_component_ref idref="oc-100"/>
      </symbol>
      <symbol id="sm-348">
         <name>__CIOBUF_</name>
         <value>0xb384</value>
         <object_component_ref idref="oc-bb"/>
      </symbol>
      <symbol id="sm-349">
         <name>_readmsg</name>
         <value>0x9600</value>
         <object_component_ref idref="oc-101"/>
      </symbol>
      <symbol id="sm-34a">
         <name>_writemsg</name>
         <value>0x97e0</value>
         <object_component_ref idref="oc-100"/>
      </symbol>
      <symbol id="sm-354">
         <name>__wrt_ok</name>
         <value>0x7a00</value>
         <object_component_ref idref="oc-10d"/>
      </symbol>
      <symbol id="sm-365">
         <name>__doflush</name>
         <value>0x8a60</value>
         <object_component_ref idref="oc-10e"/>
      </symbol>
      <symbol id="sm-36f">
         <name>_fseek</name>
         <value>0x6520</value>
         <object_component_ref idref="oc-115"/>
      </symbol>
      <symbol id="sm-379">
         <name>_setvbuf</name>
         <value>0x53a0</value>
         <object_component_ref idref="oc-116"/>
      </symbol>
      <symbol id="sm-387">
         <name>__cleanup</name>
         <value>0x8980</value>
         <object_component_ref idref="oc-123"/>
      </symbol>
      <symbol id="sm-39d">
         <name>__sys_memory</name>
         <value>0xaa08</value>
         <object_component_ref idref="oc-d5"/>
      </symbol>
      <symbol id="sm-39e">
         <name>_free</name>
         <value>0x3b20</value>
         <object_component_ref idref="oc-121"/>
      </symbol>
      <symbol id="sm-39f">
         <name>_malloc</name>
         <value>0x5ae0</value>
         <object_component_ref idref="oc-122"/>
      </symbol>
      <symbol id="sm-3a9">
         <name>__closefile</name>
         <value>0x6ec0</value>
         <object_component_ref idref="oc-12e"/>
      </symbol>
      <symbol id="sm-3b3">
         <name>_remove</name>
         <value>0x9f80</value>
         <object_component_ref idref="oc-138"/>
      </symbol>
   </symbol_table>
</link_info>
